Archive member included to satisfy reference by file (symbol)

d:/c/gcc-arm-none-eabi-10.3-2021.10-win32/gcc-arm-none-eabi-10.3-2021.10/bin/../lib/gcc/arm-none-eabi/10.3.1/thumb/v7e-m+fp/hard\libgcc.a(_arm_muldf3.o)
                              CMakeFiles/h750_blink.elf.dir/Core/Src/kalman.c.obj (__aeabi_dmul)
d:/c/gcc-arm-none-eabi-10.3-2021.10-win32/gcc-arm-none-eabi-10.3-2021.10/bin/../lib/gcc/arm-none-eabi/10.3.1/thumb/v7e-m+fp/hard\libgcc.a(_arm_addsubdf3.o)
                              CMakeFiles/h750_blink.elf.dir/Core/Src/kalman.c.obj (__aeabi_dsub)
d:/c/gcc-arm-none-eabi-10.3-2021.10-win32/gcc-arm-none-eabi-10.3-2021.10/bin/../lib/gcc/arm-none-eabi/10.3.1/thumb/v7e-m+fp/hard\libgcc.a(_arm_muldivdf3.o)
                              CMakeFiles/h750_blink.elf.dir/Core/Src/kalman.c.obj (__aeabi_ddiv)
d:/c/gcc-arm-none-eabi-10.3-2021.10-win32/gcc-arm-none-eabi-10.3-2021.10/bin/../lib/gcc/arm-none-eabi/10.3.1/thumb/v7e-m+fp/hard\libgcc.a(_arm_cmpdf2.o)
                              CMakeFiles/h750_blink.elf.dir/Core/Src/main.c.obj (__aeabi_dcmplt)
d:/c/gcc-arm-none-eabi-10.3-2021.10-win32/gcc-arm-none-eabi-10.3-2021.10/bin/../lib/gcc/arm-none-eabi/10.3.1/thumb/v7e-m+fp/hard\libgcc.a(_arm_truncdfsf2.o)
                              CMakeFiles/h750_blink.elf.dir/Core/Src/main.c.obj (__aeabi_d2f)
d:/c/gcc-arm-none-eabi-10.3-2021.10-win32/gcc-arm-none-eabi-10.3-2021.10/bin/../lib/gcc/arm-none-eabi/10.3.1/thumb/v7e-m+fp/hard\libgcc.a(_aeabi_uldivmod.o)
                              CMakeFiles/h750_blink.elf.dir/Drivers/STM32H7xx_HAL_Driver/Src/stm32h7xx_hal_uart.c.obj (__aeabi_uldivmod)
d:/c/gcc-arm-none-eabi-10.3-2021.10-win32/gcc-arm-none-eabi-10.3-2021.10/bin/../lib/gcc/arm-none-eabi/10.3.1/thumb/v7e-m+fp/hard\libgcc.a(_udivmoddi4.o)
                              d:/c/gcc-arm-none-eabi-10.3-2021.10-win32/gcc-arm-none-eabi-10.3-2021.10/bin/../lib/gcc/arm-none-eabi/10.3.1/thumb/v7e-m+fp/hard\libgcc.a(_aeabi_uldivmod.o) (__udivmoddi4)
d:/c/gcc-arm-none-eabi-10.3-2021.10-win32/gcc-arm-none-eabi-10.3-2021.10/bin/../lib/gcc/arm-none-eabi/10.3.1/thumb/v7e-m+fp/hard\libgcc.a(_dvmd_tls.o)
                              d:/c/gcc-arm-none-eabi-10.3-2021.10-win32/gcc-arm-none-eabi-10.3-2021.10/bin/../lib/gcc/arm-none-eabi/10.3.1/thumb/v7e-m+fp/hard\libgcc.a(_aeabi_uldivmod.o) (__aeabi_ldiv0)
d:/c/gcc-arm-none-eabi-10.3-2021.10-win32/gcc-arm-none-eabi-10.3-2021.10/bin/../lib/gcc/arm-none-eabi/10.3.1/../../../../arm-none-eabi/lib/thumb/v7e-m+fp/hard\libg.a(lib_a-errno.o)
                              CMakeFiles/h750_blink.elf.dir/Core/Src/retarget.c.obj (__errno)
d:/c/gcc-arm-none-eabi-10.3-2021.10-win32/gcc-arm-none-eabi-10.3-2021.10/bin/../lib/gcc/arm-none-eabi/10.3.1/../../../../arm-none-eabi/lib/thumb/v7e-m+fp/hard\libg.a(lib_a-exit.o)
                              d:/c/gcc-arm-none-eabi-10.3-2021.10-win32/gcc-arm-none-eabi-10.3-2021.10/bin/../lib/gcc/arm-none-eabi/10.3.1/../../../../arm-none-eabi/lib/thumb/v7e-m+fp/hard/crt0.o (exit)
d:/c/gcc-arm-none-eabi-10.3-2021.10-win32/gcc-arm-none-eabi-10.3-2021.10/bin/../lib/gcc/arm-none-eabi/10.3.1/../../../../arm-none-eabi/lib/thumb/v7e-m+fp/hard\libg.a(lib_a-impure.o)
                              d:/c/gcc-arm-none-eabi-10.3-2021.10-win32/gcc-arm-none-eabi-10.3-2021.10/bin/../lib/gcc/arm-none-eabi/10.3.1/../../../../arm-none-eabi/lib/thumb/v7e-m+fp/hard\libg.a(lib_a-exit.o) (_global_impure_ptr)
d:/c/gcc-arm-none-eabi-10.3-2021.10-win32/gcc-arm-none-eabi-10.3-2021.10/bin/../lib/gcc/arm-none-eabi/10.3.1/../../../../arm-none-eabi/lib/thumb/v7e-m+fp/hard\libg.a(lib_a-init.o)
                              d:/c/gcc-arm-none-eabi-10.3-2021.10-win32/gcc-arm-none-eabi-10.3-2021.10/bin/../lib/gcc/arm-none-eabi/10.3.1/../../../../arm-none-eabi/lib/thumb/v7e-m+fp/hard/crt0.o (__libc_init_array)
d:/c/gcc-arm-none-eabi-10.3-2021.10-win32/gcc-arm-none-eabi-10.3-2021.10/bin/../lib/gcc/arm-none-eabi/10.3.1/../../../../arm-none-eabi/lib/thumb/v7e-m+fp/hard\libg.a(lib_a-memset.o)
                              d:/c/gcc-arm-none-eabi-10.3-2021.10-win32/gcc-arm-none-eabi-10.3-2021.10/bin/../lib/gcc/arm-none-eabi/10.3.1/../../../../arm-none-eabi/lib/thumb/v7e-m+fp/hard/crt0.o (memset)
d:/c/gcc-arm-none-eabi-10.3-2021.10-win32/gcc-arm-none-eabi-10.3-2021.10/bin/../lib/gcc/arm-none-eabi/10.3.1/../../../../arm-none-eabi/lib/thumb/v7e-m+fp/hard\libg.a(lib_a-printf.o)
                              CMakeFiles/h750_blink.elf.dir/Core/Src/main.c.obj (printf)
d:/c/gcc-arm-none-eabi-10.3-2021.10-win32/gcc-arm-none-eabi-10.3-2021.10/bin/../lib/gcc/arm-none-eabi/10.3.1/../../../../arm-none-eabi/lib/thumb/v7e-m+fp/hard\libg.a(lib_a-setvbuf.o)
                              CMakeFiles/h750_blink.elf.dir/Core/Src/retarget.c.obj (setvbuf)
d:/c/gcc-arm-none-eabi-10.3-2021.10-win32/gcc-arm-none-eabi-10.3-2021.10/bin/../lib/gcc/arm-none-eabi/10.3.1/../../../../arm-none-eabi/lib/thumb/v7e-m+fp/hard\libg.a(lib_a-strlen.o)
                              CMakeFiles/h750_blink.elf.dir/Core/Src/gui.c.obj (strlen)
[...]
Memory Configuration

Name             Origin             Length             Attributes
FLASH            0x08000000         0x00020000         xr
DTCMRAM          0x20000000         0x00020000         xrw
RAM_D1           0x24000000         0x00080000         xrw
RAM_D2           0x30000000         0x00048000         xrw
RAM_D3           0x38000000         0x00010000         xrw
ITCMRAM          0x00000000         0x00010000         xrw
*default*        0x00000000         0xffffffff

Linker script and memory map

LOAD d:/c/gcc-arm-none-eabi-10.3-2021.10-win32/gcc-arm-none-eabi-10.3-2021.10/bin/../lib/gcc/arm-none-eabi/10.3.1/thumb/v7e-m+fp/hard/crti.o
LOAD d:/c/gcc-arm-none-eabi-10.3-2021.10-win32/gcc-arm-none-eabi-10.3-2021.10/bin/../lib/gcc/arm-none-eabi/10.3.1/thumb/v7e-m+fp/hard/crtbegin.o
LOAD d:/c/gcc-arm-none-eabi-10.3-2021.10-win32/gcc-arm-none-eabi-10.3-2021.10/bin/../lib/gcc/arm-none-eabi/10.3.1/../../../../arm-none-eabi/lib/thumb/v7e-m+fp/hard/crt0.o
LOAD CMakeFiles/h750_blink.elf.dir/Core/Src/delay.c.obj
LOAD CMakeFiles/h750_blink.elf.dir/Core/Src/gpio.c.obj
LOAD CMakeFiles/h750_blink.elf.dir/Core/Src/gui.c.obj
LOAD CMakeFiles/h750_blink.elf.dir/Core/Src/kalman.c.obj
LOAD CMakeFiles/h750_blink.elf.dir/Core/Src/lcd.c.obj
LOAD CMakeFiles/h750_blink.elf.dir/Core/Src/main.c.obj
LOAD CMakeFiles/h750_blink.elf.dir/Core/Src/memorymap.c.obj
LOAD CMakeFiles/h750_blink.elf.dir/Core/Src/retarget.c.obj
LOAD CMakeFiles/h750_blink.elf.dir/Core/Src/ruanjianspi.c.obj
LOAD CMakeFiles/h750_blink.elf.dir/Core/Src/sevor.c.obj
LOAD CMakeFiles/h750_blink.elf.dir/Core/Src/step_motor.c.obj
LOAD CMakeFiles/h750_blink.elf.dir/Core/Src/stm32h7xx_hal_msp.c.obj
LOAD CMakeFiles/h750_blink.elf.dir/Core/Src/stm32h7xx_it.c.obj
LOAD CMakeFiles/h750_blink.elf.dir/Core/Src/syscalls.c.obj
LOAD CMakeFiles/h750_blink.elf.dir/Core/Src/sysmem.c.obj
LOAD CMakeFiles/h750_blink.elf.dir/Core/Src/system_stm32h7xx.c.obj
LOAD CMakeFiles/h750_blink.elf.dir/Core/Src/tim.c.obj
LOAD CMakeFiles/h750_blink.elf.dir/Core/Src/usart.c.obj
LOAD CMakeFiles/h750_blink.elf.dir/Core/Startup/startup_stm32h750vbtx.s.obj
LOAD CMakeFiles/h750_blink.elf.dir/Drivers/STM32H7xx_HAL_Driver/Src/stm32h7xx_hal.c.obj
LOAD CMakeFiles/h750_blink.elf.dir/Drivers/STM32H7xx_HAL_Driver/Src/stm32h7xx_hal_cortex.c.obj
LOAD CMakeFiles/h750_blink.elf.dir/Drivers/STM32H7xx_HAL_Driver/Src/stm32h7xx_hal_dma.c.obj
LOAD CMakeFiles/h750_blink.elf.dir/Drivers/STM32H7xx_HAL_Driver/Src/stm32h7xx_hal_dma_ex.c.obj
LOAD CMakeFiles/h750_blink.elf.dir/Drivers/STM32H7xx_HAL_Driver/Src/stm32h7xx_hal_exti.c.obj
LOAD CMakeFiles/h750_blink.elf.dir/Drivers/STM32H7xx_HAL_Driver/Src/stm32h7xx_hal_flash.c.obj
LOAD CMakeFiles/h750_blink.elf.dir/Drivers/STM32H7xx_HAL_Driver/Src/stm32h7xx_hal_flash_ex.c.obj
LOAD CMakeFiles/h750_blink.elf.dir/Drivers/STM32H7xx_HAL_Driver/Src/stm32h7xx_hal_gpio.c.obj
LOAD CMakeFiles/h750_blink.elf.dir/Drivers/STM32H7xx_HAL_Driver/Src/stm32h7xx_hal_hsem.c.obj
LOAD CMakeFiles/h750_blink.elf.dir/Drivers/STM32H7xx_HAL_Driver/Src/stm32h7xx_hal_i2c.c.obj
LOAD CMakeFiles/h750_blink.elf.dir/Drivers/STM32H7xx_HAL_Driver/Src/stm32h7xx_hal_i2c_ex.c.obj
LOAD CMakeFiles/h750_blink.elf.dir/Drivers/STM32H7xx_HAL_Driver/Src/stm32h7xx_hal_mdma.c.obj
LOAD CMakeFiles/h750_blink.elf.dir/Drivers/STM32H7xx_HAL_Driver/Src/stm32h7xx_hal_pwr.c.obj
LOAD CMakeFiles/h750_blink.elf.dir/Drivers/STM32H7xx_HAL_Driver/Src/stm32h7xx_hal_pwr_ex.c.obj
LOAD CMakeFiles/h750_blink.elf.dir/Drivers/STM32H7xx_HAL_Driver/Src/stm32h7xx_hal_rcc.c.obj
LOAD CMakeFiles/h750_blink.elf.dir/Drivers/STM32H7xx_HAL_Driver/Src/stm32h7xx_hal_rcc_ex.c.obj
LOAD CMakeFiles/h750_blink.elf.dir/Drivers/STM32H7xx_HAL_Driver/Src/stm32h7xx_hal_tim.c.obj
LOAD CMakeFiles/h750_blink.elf.dir/Drivers/STM32H7xx_HAL_Driver/Src/stm32h7xx_hal_tim_ex.c.obj
LOAD CMakeFiles/h750_blink.elf.dir/Drivers/STM32H7xx_HAL_Driver/Src/stm32h7xx_hal_uart.c.obj
LOAD CMakeFiles/h750_blink.elf.dir/Drivers/STM32H7xx_HAL_Driver/Src/stm32h7xx_hal_uart_ex.c.obj
START GROUP
LOAD d:/c/gcc-arm-none-eabi-10.3-2021.10-win32/gcc-arm-none-eabi-10.3-2021.10/bin/../lib/gcc/arm-none-eabi/10.3.1/thumb/v7e-m+fp/hard\libgcc.a
LOAD d:/c/gcc-arm-none-eabi-10.3-2021.10-win32/gcc-arm-none-eabi-10.3-2021.10/bin/../lib/gcc/arm-none-eabi/10.3.1/../../../../arm-none-eabi/lib/thumb/v7e-m+fp/hard\libg.a
LOAD d:/c/gcc-arm-none-eabi-10.3-2021.10-win32/gcc-arm-none-eabi-10.3-2021.10/bin/../lib/gcc/arm-none-eabi/10.3.1/../../../../arm-none-eabi/lib/thumb/v7e-m+fp/hard\libc.a
END GROUP
LOAD d:/c/gcc-arm-none-eabi-10.3-2021.10-win32/gcc-arm-none-eabi-10.3-2021.10/bin/../lib/gcc/arm-none-eabi/10.3.1/thumb/v7e-m+fp/hard/crtend.o
LOAD d:/c/gcc-arm-none-eabi-10.3-2021.10-win32/gcc-arm-none-eabi-10.3-2021.10/bin/../lib/gcc/arm-none-eabi/10.3.1/thumb/v7e-m+fp/hard/crtn.o
                0x24080000                _estack = (ORIGIN (RAM_D1) + LENGTH (RAM_D1))
                0x00000200                _Min_Heap_Size = 0x200
                0x00000400                _Min_Stack_Size = 0x400

.isr_vector     0x08000000      0x298
                0x08000000                . = ALIGN (0x4)
 *(.isr_vector)
 .isr_vector    0x08000000      0x298 CMakeFiles/h750_blink.elf.dir/Core/Startup/startup_stm32h750vbtx.s.obj
                0x08000000                g_pfnVectors
                0x08000298                . = ALIGN (0x4)

.text           0x080002c0     0xfb98
                0x080002c0                . = ALIGN (0x4)
 *(.text)
 .text          0x080002c0       0x40 d:/c/gcc-arm-none-eabi-10.3-2021.10-win32/gcc-arm-none-eabi-10.3-2021.10/bin/../lib/gcc/arm-none-eabi/10.3.1/thumb/v7e-m+fp/hard/crtbegin.o
 .text          0x08000300      0x378 d:/c/gcc-arm-none-eabi-10.3-2021.10-win32/gcc-arm-none-eabi-10.3-2021.10/bin/../lib/gcc/arm-none-eabi/10.3.1/thumb/v7e-m+fp/hard\libgcc.a(_arm_addsubdf3.o)
                0x08000300                __aeabi_drsub
                0x08000308                __aeabi_dsub
                0x08000308                __subdf3
                0x0800030c                __aeabi_dadd
                0x0800030c                __adddf3
                0x08000584                __floatunsidf
                0x08000584                __aeabi_ui2d
                0x080005a4                __floatsidf
                0x080005a4                __aeabi_i2d
                0x080005c8                __aeabi_f2d
                0x080005c8                __extendsfdf2
                0x0800060c                __floatundidf
                0x0800060c                __aeabi_ul2d
                0x0800061c                __floatdidf
                0x0800061c                __aeabi_l2d
 .text          0x08000678      0x424 d:/c/gcc-arm-none-eabi-10.3-2021.10-win32/gcc-arm-none-eabi-10.3-2021.10/bin/../lib/gcc/arm-none-eabi/10.3.1/thumb/v7e-m+fp/hard\libgcc.a(_arm_muldivdf3.o)
                0x08000678                __aeabi_dmul
                0x08000678                __muldf3
                0x080008cc                __divdf3
                0x080008cc                __aeabi_ddiv
 .text          0x08000a9c      0x110 d:/c/gcc-arm-none-eabi-10.3-2021.10-win32/gcc-arm-none-eabi-10.3-2021.10/bin/../lib/gcc/arm-none-eabi/10.3.1/thumb/v7e-m+fp/hard\libgcc.a(_arm_cmpdf2.o)
                0x08000a9c                __gtdf2
                0x08000a9c                __gedf2
                0x08000aa4                __ltdf2
                0x08000aa4                __ledf2
                0x08000aac                __nedf2
                0x08000aac                __eqdf2
                0x08000aac                __cmpdf2
                0x08000b28                __aeabi_cdrcmple
                0x08000b38                __aeabi_cdcmpeq
                0x08000b38                __aeabi_cdcmple
                0x08000b48                __aeabi_dcmpeq
                0x08000b5c                __aeabi_dcmplt
                0x08000b70                __aeabi_dcmple
                0x08000b84                __aeabi_dcmpge
                0x08000b98                __aeabi_dcmpgt
 .text          0x08000bac       0xa0 d:/c/gcc-arm-none-eabi-10.3-2021.10-win32/gcc-arm-none-eabi-10.3-2021.10/bin/../lib/gcc/arm-none-eabi/10.3.1/thumb/v7e-m+fp/hard\libgcc.a(_arm_truncdfsf2.o)
                0x08000bac                __truncdfsf2
                0x08000bac                __aeabi_d2f
 .text          0x08000c4c       0x30 d:/c/gcc-arm-none-eabi-10.3-2021.10-win32/gcc-arm-none-eabi-10.3-2021.10/bin/../lib/gcc/arm-none-eabi/10.3.1/thumb/v7e-m+fp/hard\libgcc.a(_aeabi_uldivmod.o)
                0x08000c4c                __aeabi_uldivmod
 .text          0x08000c7c      0x2d0 d:/c/gcc-arm-none-eabi-10.3-2021.10-win32/gcc-arm-none-eabi-10.3-2021.10/bin/../lib/gcc/arm-none-eabi/10.3.1/thumb/v7e-m+fp/hard\libgcc.a(_udivmoddi4.o)
                0x08000c7c                __udivmoddi4
 .text          0x08000f4c        0x4 d:/c/gcc-arm-none-eabi-10.3-2021.10-win32/gcc-arm-none-eabi-10.3-2021.10/bin/../lib/gcc/arm-none-eabi/10.3.1/thumb/v7e-m+fp/hard\libgcc.a(_dvmd_tls.o)
                0x08000f4c                __aeabi_idiv0
                0x08000f4c                __aeabi_ldiv0
 *fill*         0x08000f50       0x30 
 .text          0x08000f80       0xdc d:/c/gcc-arm-none-eabi-10.3-2021.10-win32/gcc-arm-none-eabi-10.3-2021.10/bin/../lib/gcc/arm-none-eabi/10.3.1/../../../../arm-none-eabi/lib/thumb/v7e-m+fp/hard\libg.a(lib_a-strlen.o)
                0x08000f80                strlen
 *fill*         0x0800105c        0x4 
 .text          0x08001060       0xa0 d:/c/gcc-arm-none-eabi-10.3-2021.10-win32/gcc-arm-none-eabi-10.3-2021.10/bin/../lib/gcc/arm-none-eabi/10.3.1/../../../../arm-none-eabi/lib/thumb/v7e-m+fp/hard\libg.a(lib_a-memchr.o)
                0x08001060                memchr
 .text          0x08001100      0x134 d:/c/gcc-arm-none-eabi-10.3-2021.10-win32/gcc-arm-none-eabi-10.3-2021.10/bin/../lib/gcc/arm-none-eabi/10.3.1/../../../../arm-none-eabi/lib/thumb/v7e-m+fp/hard\libg.a(lib_a-memcpy.o)
                0x08001100                memcpy
 .text          0x08001234       0x2c d:/c/gcc-arm-none-eabi-10.3-2021.10-win32/gcc-arm-none-eabi-10.3-2021.10/bin/../lib/gcc/arm-none-eabi/10.3.1/thumb/v7e-m+fp/hard\libgcc.a(_arm_unorddf2.o)
                0x08001234                __unorddf2
                0x08001234                __aeabi_dcmpun
 .text          0x08001260       0x50 d:/c/gcc-arm-none-eabi-10.3-2021.10-win32/gcc-arm-none-eabi-10.3-2021.10/bin/../lib/gcc/arm-none-eabi/10.3.1/thumb/v7e-m+fp/hard\libgcc.a(_arm_fixdfsi.o)
                0x08001260                __aeabi_d2iz
                0x08001260                __fixdfsi
 *(.text*)
 .text.delay_init
                0x080012b0        0xc CMakeFiles/h750_blink.elf.dir/Core/Src/delay.c.obj
                0x080012b0                delay_init
 .text.delay_us
                0x080012bc       0x40 CMakeFiles/h750_blink.elf.dir/Core/Src/delay.c.obj
                0x080012bc                delay_us
 .text.delay_ms
                0x080012fc       0x10 CMakeFiles/h750_blink.elf.dir/Core/Src/delay.c.obj
                0x080012fc                delay_ms
 .text.HAL_Delay
                0x0800130c        0xa CMakeFiles/h750_blink.elf.dir/Core/Src/delay.c.obj
                0x0800130c                HAL_Delay
 *fill*         0x08001316        0x2 
 .text.MX_GPIO_Init
                0x08001318      0x174 CMakeFiles/h750_blink.elf.dir/Core/Src/gpio.c.obj
                0x08001318                MX_GPIO_Init
 .text.LCD_DrawLine
                0x0800148c       0x9e CMakeFiles/h750_blink.elf.dir/Core/Src/gui.c.obj
                0x0800148c                LCD_DrawLine
 *fill*         0x0800152a        0x2 
 .text.LCD_WR_REG
                0x0800152c       0x20 CMakeFiles/h750_blink.elf.dir/Core/Src/lcd.c.obj
                0x0800152c                LCD_WR_REG
 .text.LCD_WR_DATA
                0x0800154c       0x1c CMakeFiles/h750_blink.elf.dir/Core/Src/lcd.c.obj
                0x0800154c                LCD_WR_DATA
 .text.LCD_WriteReg
                0x08001568       0x10 CMakeFiles/h750_blink.elf.dir/Core/Src/lcd.c.obj
                0x08001568                LCD_WriteReg
 .text.LCD_WriteRAM_Prepare
                0x08001578       0x10 CMakeFiles/h750_blink.elf.dir/Core/Src/lcd.c.obj
                0x08001578                LCD_WriteRAM_Prepare
 .text.Lcd_WriteData_16Bit
                0x08001588       0x28 CMakeFiles/h750_blink.elf.dir/Core/Src/lcd.c.obj
                0x08001588                Lcd_WriteData_16Bit
 .text.LCD_RESET
                0x080015b0       0x20 CMakeFiles/h750_blink.elf.dir/Core/Src/lcd.c.obj
                0x080015b0                LCD_RESET
 .text.LCD_SetWindows
                0x080015d0       0x5c CMakeFiles/h750_blink.elf.dir/Core/Src/lcd.c.obj
                0x080015d0                LCD_SetWindows
 .text.LCD_Clear
                0x0800162c       0x58 CMakeFiles/h750_blink.elf.dir/Core/Src/lcd.c.obj
                0x0800162c                LCD_Clear
 .text.LCD_SetCursor
                0x08001684        0xc CMakeFiles/h750_blink.elf.dir/Core/Src/lcd.c.obj
                0x08001684                LCD_SetCursor
 .text.LCD_DrawPoint
                0x08001690       0x14 CMakeFiles/h750_blink.elf.dir/Core/Src/lcd.c.obj
                0x08001690                LCD_DrawPoint
 .text.LCD_direction
                0x080016a4       0x70 CMakeFiles/h750_blink.elf.dir/Core/Src/lcd.c.obj
                0x080016a4                LCD_direction
 .text.LCD_Init
                0x08001714      0x238 CMakeFiles/h750_blink.elf.dir/Core/Src/lcd.c.obj
                0x08001714                LCD_Init
 .text.data_Integer_calculate
                0x0800194c       0xbc CMakeFiles/h750_blink.elf.dir/Core/Src/main.c.obj
                0x0800194c                data_Integer_calculate
 .text.Get_Data
                0x08001a08      0x14c CMakeFiles/h750_blink.elf.dir/Core/Src/main.c.obj
                0x08001a08                Get_Data
 .text.normal_pid
                0x08001b54      0x130 CMakeFiles/h750_blink.elf.dir/Core/Src/main.c.obj
                0x08001b54                normal_pid
 *fill*         0x08001c84        0x4 
 .text.car_right_pid
                0x08001c88      0x154 CMakeFiles/h750_blink.elf.dir/Core/Src/main.c.obj
                0x08001c88                car_right_pid
 *fill*         0x08001ddc        0x4 
 .text.car_left_pid
                0x08001de0      0x144 CMakeFiles/h750_blink.elf.dir/Core/Src/main.c.obj
                0x08001de0                car_left_pid
 .text.HAL_UART_RxCpltCallback
                0x08001f24      0x784 CMakeFiles/h750_blink.elf.dir/Core/Src/main.c.obj
                0x08001f24                HAL_UART_RxCpltCallback
 .text.Error_Handler
                0x080026a8        0x4 CMakeFiles/h750_blink.elf.dir/Core/Src/main.c.obj
                0x080026a8                Error_Handler
 .text.SystemClock_Config
                0x080026ac      0x110 CMakeFiles/h750_blink.elf.dir/Core/Src/main.c.obj
                0x080026ac                SystemClock_Config
 *fill*         0x080027bc        0x4 
 .text.main     0x080027c0      0xf1c CMakeFiles/h750_blink.elf.dir/Core/Src/main.c.obj
                0x080027c0                main
 .text.RetargetInit
                0x080036dc       0x20 CMakeFiles/h750_blink.elf.dir/Core/Src/retarget.c.obj
                0x080036dc                RetargetInit
 .text._isatty  0x080036fc       0x16 CMakeFiles/h750_blink.elf.dir/Core/Src/retarget.c.obj
                0x080036fc                _isatty
 *fill*         0x08003712        0x2 
 .text._write   0x08003714       0x34 CMakeFiles/h750_blink.elf.dir/Core/Src/retarget.c.obj
                0x08003714                _write
 .text._close   0x08003748       0x18 CMakeFiles/h750_blink.elf.dir/Core/Src/retarget.c.obj
                0x08003748                _close
 .text._lseek   0x08003760       0x10 CMakeFiles/h750_blink.elf.dir/Core/Src/retarget.c.obj
                0x08003760                _lseek
 .text._read    0x08003770       0x30 CMakeFiles/h750_blink.elf.dir/Core/Src/retarget.c.obj
                0x08003770                _read
 .text._fstat   0x080037a0       0x1a CMakeFiles/h750_blink.elf.dir/Core/Src/retarget.c.obj
                0x080037a0                _fstat
 *fill*         0x080037ba        0x2 
 .text.SPIv_WriteData
                0x080037bc       0x38 CMakeFiles/h750_blink.elf.dir/Core/Src/ruanjianspi.c.obj
                0x080037bc                SPIv_WriteData
 .text.fistpick
                0x080037f4       0x28 CMakeFiles/h750_blink.elf.dir/Core/Src/sevor.c.obj
                0x080037f4                fistpick
 .text.secondpick
                0x0800381c       0x28 CMakeFiles/h750_blink.elf.dir/Core/Src/sevor.c.obj
                0x0800381c                secondpick
 .text.microposition
                0x08003844       0x70 CMakeFiles/h750_blink.elf.dir/Core/Src/sevor.c.obj
                0x08003844                microposition
 .text.microposition0
                0x080038b4       0x74 CMakeFiles/h750_blink.elf.dir/Core/Src/sevor.c.obj
                0x080038b4                microposition0
 .text.layin1   0x08003928       0x34 CMakeFiles/h750_blink.elf.dir/Core/Src/sevor.c.obj
                0x08003928                layin1
 .text.layin2   0x0800395c       0x34 CMakeFiles/h750_blink.elf.dir/Core/Src/sevor.c.obj
                0x0800395c                layin2
 .text.layin3   0x08003990       0x34 CMakeFiles/h750_blink.elf.dir/Core/Src/sevor.c.obj
                0x08003990                layin3
 .text.layout1  0x080039c4       0x6c CMakeFiles/h750_blink.elf.dir/Core/Src/sevor.c.obj
                0x080039c4                layout1
 .text.layout2  0x08003a30       0x6c CMakeFiles/h750_blink.elf.dir/Core/Src/sevor.c.obj
                0x08003a30                layout2
 .text.layout3  0x08003a9c       0x6c CMakeFiles/h750_blink.elf.dir/Core/Src/sevor.c.obj
                0x08003a9c                layout3
 .text.layout1_2
                0x08003b08       0x6c CMakeFiles/h750_blink.elf.dir/Core/Src/sevor.c.obj
                0x08003b08                layout1_2
 .text.layout2_2
                0x08003b74       0x6c CMakeFiles/h750_blink.elf.dir/Core/Src/sevor.c.obj
                0x08003b74                layout2_2
 .text.layout3_2
                0x08003be0       0x6c CMakeFiles/h750_blink.elf.dir/Core/Src/sevor.c.obj
                0x08003be0                layout3_2
 .text.car_right
                0x08003c4c       0xd0 CMakeFiles/h750_blink.elf.dir/Core/Src/step_motor.c.obj
                0x08003c4c                car_right
 .text.car_left
                0x08003d1c       0xd0 CMakeFiles/h750_blink.elf.dir/Core/Src/step_motor.c.obj
                0x08003d1c                car_left
 .text.microturnright
                0x08003dec       0xd0 CMakeFiles/h750_blink.elf.dir/Core/Src/step_motor.c.obj
                0x08003dec                microturnright
 .text.microturnleft
                0x08003ebc       0xd0 CMakeFiles/h750_blink.elf.dir/Core/Src/step_motor.c.obj
                0x08003ebc                microturnleft
 .text.microforward
                0x08003f8c       0xd0 CMakeFiles/h750_blink.elf.dir/Core/Src/step_motor.c.obj
                0x08003f8c                microforward
 .text.microback
                0x0800405c       0xd0 CMakeFiles/h750_blink.elf.dir/Core/Src/step_motor.c.obj
                0x0800405c                microback
 .text.microleft
                0x0800412c       0xd0 CMakeFiles/h750_blink.elf.dir/Core/Src/step_motor.c.obj
                0x0800412c                microleft
 .text.microright
                0x080041fc       0xd0 CMakeFiles/h750_blink.elf.dir/Core/Src/step_motor.c.obj
                0x080041fc                microright
 .text.turnleft
                0x080042cc      0x20c CMakeFiles/h750_blink.elf.dir/Core/Src/step_motor.c.obj
                0x080042cc                turnleft
 .text.turnright
                0x080044d8      0x20c CMakeFiles/h750_blink.elf.dir/Core/Src/step_motor.c.obj
                0x080044d8                turnright
 .text.gotarget_s
                0x080046e4      0x288 CMakeFiles/h750_blink.elf.dir/Core/Src/step_motor.c.obj
                0x080046e4                gotarget_s
 .text.gotarget_s_back
                0x0800496c      0x288 CMakeFiles/h750_blink.elf.dir/Core/Src/step_motor.c.obj
                0x0800496c                gotarget_s_back
 .text.elevator_up
                0x08004bf4      0x120 CMakeFiles/h750_blink.elf.dir/Core/Src/step_motor.c.obj
                0x08004bf4                elevator_up
 .text.elevator_down
                0x08004d14      0x120 CMakeFiles/h750_blink.elf.dir/Core/Src/step_motor.c.obj
                0x08004d14                elevator_down
 .text.HAL_MspInit
                0x08004e34       0x30 CMakeFiles/h750_blink.elf.dir/Core/Src/stm32h7xx_hal_msp.c.obj
                0x08004e34                HAL_MspInit
 .text.NMI_Handler
                0x08004e64        0x2 CMakeFiles/h750_blink.elf.dir/Core/Src/stm32h7xx_it.c.obj
                0x08004e64                NMI_Handler
 .text.HardFault_Handler
                0x08004e66        0x2 CMakeFiles/h750_blink.elf.dir/Core/Src/stm32h7xx_it.c.obj
                0x08004e66                HardFault_Handler
 .text.MemManage_Handler
                0x08004e68        0x2 CMakeFiles/h750_blink.elf.dir/Core/Src/stm32h7xx_it.c.obj
                0x08004e68                MemManage_Handler
 .text.BusFault_Handler
                0x08004e6a        0x2 CMakeFiles/h750_blink.elf.dir/Core/Src/stm32h7xx_it.c.obj
                0x08004e6a                BusFault_Handler
 .text.UsageFault_Handler
                0x08004e6c        0x2 CMakeFiles/h750_blink.elf.dir/Core/Src/stm32h7xx_it.c.obj
                0x08004e6c                UsageFault_Handler
 .text.SVC_Handler
                0x08004e6e        0x2 CMakeFiles/h750_blink.elf.dir/Core/Src/stm32h7xx_it.c.obj
                0x08004e6e                SVC_Handler
 .text.DebugMon_Handler
                0x08004e70        0x2 CMakeFiles/h750_blink.elf.dir/Core/Src/stm32h7xx_it.c.obj
                0x08004e70                DebugMon_Handler
 .text.PendSV_Handler
                0x08004e72        0x2 CMakeFiles/h750_blink.elf.dir/Core/Src/stm32h7xx_it.c.obj
                0x08004e72                PendSV_Handler
 .text.SysTick_Handler
                0x08004e74        0x8 CMakeFiles/h750_blink.elf.dir/Core/Src/stm32h7xx_it.c.obj
                0x08004e74                SysTick_Handler
 .text.USART1_IRQHandler
                0x08004e7c       0x10 CMakeFiles/h750_blink.elf.dir/Core/Src/stm32h7xx_it.c.obj
                0x08004e7c                USART1_IRQHandler
 .text.UART5_IRQHandler
                0x08004e8c       0x10 CMakeFiles/h750_blink.elf.dir/Core/Src/stm32h7xx_it.c.obj
                0x08004e8c                UART5_IRQHandler
 .text.UART7_IRQHandler
                0x08004e9c       0x10 CMakeFiles/h750_blink.elf.dir/Core/Src/stm32h7xx_it.c.obj
                0x08004e9c                UART7_IRQHandler
 .text._getpid  0x08004eac        0x4 CMakeFiles/h750_blink.elf.dir/Core/Src/syscalls.c.obj
                0x08004eac                _getpid
 .text._kill    0x08004eb0       0x10 CMakeFiles/h750_blink.elf.dir/Core/Src/syscalls.c.obj
                0x08004eb0                _kill
 .text._exit    0x08004ec0        0xc CMakeFiles/h750_blink.elf.dir/Core/Src/syscalls.c.obj
                0x08004ec0                _exit
 .text._sbrk    0x08004ecc       0x48 CMakeFiles/h750_blink.elf.dir/Core/Src/sysmem.c.obj
                0x08004ecc                _sbrk
 .text.SystemInit
                0x08004f14       0xcc CMakeFiles/h750_blink.elf.dir/Core/Src/system_stm32h7xx.c.obj
                0x08004f14                SystemInit
 .text.HAL_TIM_PWM_MspInit
                0x08004fe0       0x30 CMakeFiles/h750_blink.elf.dir/Core/Src/tim.c.obj
                0x08004fe0                HAL_TIM_PWM_MspInit
 .text.HAL_TIM_MspPostInit
                0x08005010       0x58 CMakeFiles/h750_blink.elf.dir/Core/Src/tim.c.obj
                0x08005010                HAL_TIM_MspPostInit
 .text.MX_TIM2_Init
                0x08005068       0xa8 CMakeFiles/h750_blink.elf.dir/Core/Src/tim.c.obj
                0x08005068                MX_TIM2_Init
 .text.MX_UART4_Init
                0x08005110       0x68 CMakeFiles/h750_blink.elf.dir/Core/Src/usart.c.obj
                0x08005110                MX_UART4_Init
 .text.MX_UART5_Init
                0x08005178       0x68 CMakeFiles/h750_blink.elf.dir/Core/Src/usart.c.obj
                0x08005178                MX_UART5_Init
 .text.MX_UART7_Init
                0x080051e0       0x68 CMakeFiles/h750_blink.elf.dir/Core/Src/usart.c.obj
                0x080051e0                MX_UART7_Init
 .text.MX_USART1_UART_Init
                0x08005248       0x68 CMakeFiles/h750_blink.elf.dir/Core/Src/usart.c.obj
                0x08005248                MX_USART1_UART_Init
 .text.MX_USART3_UART_Init
                0x080052b0       0x68 CMakeFiles/h750_blink.elf.dir/Core/Src/usart.c.obj
                0x080052b0                MX_USART3_UART_Init
 .text.HAL_UART_MspInit
                0x08005318      0x2c8 CMakeFiles/h750_blink.elf.dir/Core/Src/usart.c.obj
                0x08005318                HAL_UART_MspInit
 .text.Reset_Handler
                0x080055e0       0x50 CMakeFiles/h750_blink.elf.dir/Core/Startup/startup_stm32h750vbtx.s.obj
                0x080055e0                Reset_Handler
 .text.Default_Handler
                0x08005630        0x2 CMakeFiles/h750_blink.elf.dir/Core/Startup/startup_stm32h750vbtx.s.obj
                0x08005630                RTC_Alarm_IRQHandler
                0x08005630                HASH_RNG_IRQHandler
                0x08005630                EXTI2_IRQHandler
                0x08005630                TIM8_CC_IRQHandler
                0x08005630                HRTIM1_Master_IRQHandler
                0x08005630                UART8_IRQHandler
                0x08005630                SPI4_IRQHandler
                0x08005630                TIM1_CC_IRQHandler
                0x08005630                BDMA_Channel6_IRQHandler
                0x08005630                DMA2_Stream5_IRQHandler
                0x08005630                HRTIM1_FLT_IRQHandler
                0x08005630                JPEG_IRQHandler
                0x08005630                DMA1_Stream5_IRQHandler
                0x08005630                BDMA_Channel1_IRQHandler
                0x08005630                HRTIM1_TIMD_IRQHandler
                0x08005630                TAMP_STAMP_IRQHandler
                0x08005630                EXTI3_IRQHandler
                0x08005630                LPTIM4_IRQHandler
                0x08005630                TIM8_TRG_COM_TIM14_IRQHandler
                0x08005630                LPTIM2_IRQHandler
                0x08005630                DFSDM1_FLT1_IRQHandler
                0x08005630                DMAMUX2_OVR_IRQHandler
                0x08005630                TIM8_UP_TIM13_IRQHandler
                0x08005630                I2C3_ER_IRQHandler
                0x08005630                DFSDM1_FLT2_IRQHandler
                0x08005630                MDMA_IRQHandler
                0x08005630                LPTIM3_IRQHandler
                0x08005630                HSEM1_IRQHandler
                0x08005630                EXTI0_IRQHandler
                0x08005630                I2C2_EV_IRQHandler
                0x08005630                DMA1_Stream2_IRQHandler
                0x08005630                FPU_IRQHandler
                0x08005630                OTG_HS_WKUP_IRQHandler
                0x08005630                FDCAN1_IT1_IRQHandler
                0x08005630                LTDC_ER_IRQHandler
                0x08005630                DMA2_Stream2_IRQHandler
                0x08005630                HRTIM1_TIME_IRQHandler
                0x08005630                SPI1_IRQHandler
                0x08005630                TIM6_DAC_IRQHandler
                0x08005630                DCMI_IRQHandler
                0x08005630                HRTIM1_TIMC_IRQHandler
                0x08005630                DMA2_Stream3_IRQHandler
                0x08005630                SAI2_IRQHandler
                0x08005630                DFSDM1_FLT3_IRQHandler
                0x08005630                USART6_IRQHandler
                0x08005630                TIM17_IRQHandler
                0x08005630                USART3_IRQHandler
                0x08005630                BDMA_Channel7_IRQHandler
                0x08005630                CRYP_IRQHandler
                0x08005630                LPTIM5_IRQHandler
                0x08005630                ADC3_IRQHandler
                0x08005630                DMA2_Stream0_IRQHandler
                0x08005630                TIM4_IRQHandler
                0x08005630                BDMA_Channel2_IRQHandler
                0x08005630                QUADSPI_IRQHandler
                0x08005630                I2C1_EV_IRQHandler
                0x08005630                DMA1_Stream6_IRQHandler
                0x08005630                DMAMUX1_OVR_IRQHandler
                0x08005630                DMA1_Stream1_IRQHandler
                0x08005630                TIM16_IRQHandler
                0x08005630                UART4_IRQHandler
                0x08005630                BDMA_Channel5_IRQHandler
                0x08005630                TIM3_IRQHandler
                0x08005630                RCC_IRQHandler
                0x08005630                TIM8_BRK_TIM12_IRQHandler
                0x08005630                TIM1_TRG_COM_IRQHandler
                0x08005630                Default_Handler
                0x08005630                ECC_IRQHandler
                0x08005630                CEC_IRQHandler
                0x08005630                EXTI15_10_IRQHandler
                0x08005630                BDMA_Channel0_IRQHandler
                0x08005630                ADC_IRQHandler
                0x08005630                DMA1_Stream7_IRQHandler
                0x08005630                HRTIM1_TIMA_IRQHandler
                0x08005630                SPI5_IRQHandler
                0x08005630                TIM7_IRQHandler
                0x08005630                SDMMC1_IRQHandler
                0x08005630                TIM5_IRQHandler
                0x08005630                DMA2_Stream7_IRQHandler
                0x08005630                TIM15_IRQHandler
                0x08005630                PVD_AVD_IRQHandler
                0x08005630                I2C3_EV_IRQHandler
                0x08005630                EXTI9_5_IRQHandler
                0x08005630                RTC_WKUP_IRQHandler
                0x08005630                LTDC_IRQHandler
                0x08005630                SAI3_IRQHandler
                0x08005630                ETH_WKUP_IRQHandler
                0x08005630                SPDIF_RX_IRQHandler
                0x08005630                SPI2_IRQHandler
                0x08005630                OTG_HS_EP1_IN_IRQHandler
                0x08005630                DMA1_Stream0_IRQHandler
                0x08005630                CRS_IRQHandler
                0x08005630                EXTI4_IRQHandler
                0x08005630                HRTIM1_TIMB_IRQHandler
                0x08005630                FDCAN2_IT1_IRQHandler
                0x08005630                ETH_IRQHandler
                0x08005630                TIM1_UP_IRQHandler
                0x08005630                BDMA_Channel4_IRQHandler
                0x08005630                OTG_HS_EP1_OUT_IRQHandler
                0x08005630                WWDG_IRQHandler
                0x08005630                SPI6_IRQHandler
                0x08005630                MDIOS_IRQHandler
                0x08005630                I2C4_EV_IRQHandler
                0x08005630                FDCAN2_IT0_IRQHandler
                0x08005630                LPUART1_IRQHandler
                0x08005630                FDCAN1_IT0_IRQHandler
                0x08005630                TIM2_IRQHandler
                0x08005630                OTG_FS_WKUP_IRQHandler
                0x08005630                OTG_HS_IRQHandler
                0x08005630                DMA2D_IRQHandler
                0x08005630                TIM1_BRK_IRQHandler
                0x08005630                EXTI1_IRQHandler
                0x08005630                SDMMC2_IRQHandler
                0x08005630                OTG_FS_EP1_OUT_IRQHandler
                0x08005630                BDMA_Channel3_IRQHandler
                0x08005630                MDIOS_WKUP_IRQHandler
                0x08005630                USART2_IRQHandler
                0x08005630                DFSDM1_FLT0_IRQHandler
                0x08005630                SAI4_IRQHandler
                0x08005630                I2C2_ER_IRQHandler
                0x08005630                DMA2_Stream1_IRQHandler
                0x08005630                FLASH_IRQHandler
                0x08005630                DMA2_Stream4_IRQHandler
                0x08005630                OTG_FS_IRQHandler
                0x08005630                SPI3_IRQHandler
                0x08005630                WAKEUP_PIN_IRQHandler
                0x08005630                DMA1_Stream4_IRQHandler
                0x08005630                OTG_FS_EP1_IN_IRQHandler
                0x08005630                I2C1_ER_IRQHandler
                0x08005630                FMC_IRQHandler
                0x08005630                FDCAN_CAL_IRQHandler
                0x08005630                SWPMI1_IRQHandler
                0x08005630                COMP1_IRQHandler
                0x08005630                LPTIM1_IRQHandler
                0x08005630                I2C4_ER_IRQHandler
                0x08005630                DMA2_Stream6_IRQHandler
                0x08005630                SAI1_IRQHandler
                0x08005630                DMA1_Stream3_IRQHandler
 *fill*         0x08005632        0x2 
 .text.HAL_InitTick
                0x08005634       0x50 CMakeFiles/h750_blink.elf.dir/Drivers/STM32H7xx_HAL_Driver/Src/stm32h7xx_hal.c.obj
                0x08005634                HAL_InitTick
 .text.HAL_Init
                0x08005684       0x5c CMakeFiles/h750_blink.elf.dir/Drivers/STM32H7xx_HAL_Driver/Src/stm32h7xx_hal.c.obj
                0x08005684                HAL_Init
 .text.HAL_IncTick
                0x080056e0       0x18 CMakeFiles/h750_blink.elf.dir/Drivers/STM32H7xx_HAL_Driver/Src/stm32h7xx_hal.c.obj
                0x080056e0                HAL_IncTick
 .text.HAL_GetTick
                0x080056f8        0xc CMakeFiles/h750_blink.elf.dir/Drivers/STM32H7xx_HAL_Driver/Src/stm32h7xx_hal.c.obj
                0x080056f8                HAL_GetTick
 .text.HAL_GetREVID
                0x08005704        0xc CMakeFiles/h750_blink.elf.dir/Drivers/STM32H7xx_HAL_Driver/Src/stm32h7xx_hal.c.obj
                0x08005704                HAL_GetREVID
 .text.HAL_NVIC_SetPriorityGrouping
                0x08005710       0x24 CMakeFiles/h750_blink.elf.dir/Drivers/STM32H7xx_HAL_Driver/Src/stm32h7xx_hal_cortex.c.obj
                0x08005710                HAL_NVIC_SetPriorityGrouping
 .text.HAL_NVIC_SetPriority
                0x08005734       0x6c CMakeFiles/h750_blink.elf.dir/Drivers/STM32H7xx_HAL_Driver/Src/stm32h7xx_hal_cortex.c.obj
                0x08005734                HAL_NVIC_SetPriority
 .text.HAL_NVIC_EnableIRQ
                0x080057a0       0x1c CMakeFiles/h750_blink.elf.dir/Drivers/STM32H7xx_HAL_Driver/Src/stm32h7xx_hal_cortex.c.obj
                0x080057a0                HAL_NVIC_EnableIRQ
 .text.HAL_SYSTICK_Config
                0x080057bc       0x28 CMakeFiles/h750_blink.elf.dir/Drivers/STM32H7xx_HAL_Driver/Src/stm32h7xx_hal_cortex.c.obj
                0x080057bc                HAL_SYSTICK_Config
 .text.HAL_DMA_Abort
                0x080057e4      0x340 CMakeFiles/h750_blink.elf.dir/Drivers/STM32H7xx_HAL_Driver/Src/stm32h7xx_hal_dma.c.obj
                0x080057e4                HAL_DMA_Abort
 .text.HAL_DMA_Abort_IT
                0x08005b24      0x270 CMakeFiles/h750_blink.elf.dir/Drivers/STM32H7xx_HAL_Driver/Src/stm32h7xx_hal_dma.c.obj
                0x08005b24                HAL_DMA_Abort_IT
 .text.HAL_GPIO_Init
                0x08005d94      0x220 CMakeFiles/h750_blink.elf.dir/Drivers/STM32H7xx_HAL_Driver/Src/stm32h7xx_hal_gpio.c.obj
                0x08005d94                HAL_GPIO_Init
 .text.HAL_GPIO_WritePin
                0x08005fb4        0xc CMakeFiles/h750_blink.elf.dir/Drivers/STM32H7xx_HAL_Driver/Src/stm32h7xx_hal_gpio.c.obj
                0x08005fb4                HAL_GPIO_WritePin
 .text.HAL_GPIO_TogglePin
                0x08005fc0       0x12 CMakeFiles/h750_blink.elf.dir/Drivers/STM32H7xx_HAL_Driver/Src/stm32h7xx_hal_gpio.c.obj
                0x08005fc0                HAL_GPIO_TogglePin
 *fill*         0x08005fd2        0x2 
 .text.HAL_PWREx_ConfigSupply
                0x08005fd4       0x54 CMakeFiles/h750_blink.elf.dir/Drivers/STM32H7xx_HAL_Driver/Src/stm32h7xx_hal_pwr_ex.c.obj
                0x08005fd4                HAL_PWREx_ConfigSupply
 .text.HAL_RCC_OscConfig
                0x08006028      0x6b4 CMakeFiles/h750_blink.elf.dir/Drivers/STM32H7xx_HAL_Driver/Src/stm32h7xx_hal_rcc.c.obj
                0x08006028                HAL_RCC_OscConfig
 .text.HAL_RCC_GetSysClockFreq
                0x080066dc      0x1f4 CMakeFiles/h750_blink.elf.dir/Drivers/STM32H7xx_HAL_Driver/Src/stm32h7xx_hal_rcc.c.obj
                0x080066dc                HAL_RCC_GetSysClockFreq
 .text.HAL_RCC_ClockConfig
                0x080068d0      0x294 CMakeFiles/h750_blink.elf.dir/Drivers/STM32H7xx_HAL_Driver/Src/stm32h7xx_hal_rcc.c.obj
                0x080068d0                HAL_RCC_ClockConfig
 .text.HAL_RCC_GetHCLKFreq
                0x08006b64       0x44 CMakeFiles/h750_blink.elf.dir/Drivers/STM32H7xx_HAL_Driver/Src/stm32h7xx_hal_rcc.c.obj
                0x08006b64                HAL_RCC_GetHCLKFreq
 .text.HAL_RCC_GetPCLK1Freq
                0x08006ba8       0x24 CMakeFiles/h750_blink.elf.dir/Drivers/STM32H7xx_HAL_Driver/Src/stm32h7xx_hal_rcc.c.obj
                0x08006ba8                HAL_RCC_GetPCLK1Freq
 .text.HAL_RCC_GetPCLK2Freq
                0x08006bcc       0x24 CMakeFiles/h750_blink.elf.dir/Drivers/STM32H7xx_HAL_Driver/Src/stm32h7xx_hal_rcc.c.obj
                0x08006bcc                HAL_RCC_GetPCLK2Freq
 .text.RCCEx_PLL2_Config
                0x08006bf0      0x10c CMakeFiles/h750_blink.elf.dir/Drivers/STM32H7xx_HAL_Driver/Src/stm32h7xx_hal_rcc_ex.c.obj
 .text.RCCEx_PLL3_Config
                0x08006cfc      0x10c CMakeFiles/h750_blink.elf.dir/Drivers/STM32H7xx_HAL_Driver/Src/stm32h7xx_hal_rcc_ex.c.obj
 .text.HAL_RCCEx_PeriphCLKConfig
                0x08006e08      0xa8c CMakeFiles/h750_blink.elf.dir/Drivers/STM32H7xx_HAL_Driver/Src/stm32h7xx_hal_rcc_ex.c.obj
                0x08006e08                HAL_RCCEx_PeriphCLKConfig
 .text.HAL_RCCEx_GetD3PCLK1Freq
                0x08007894       0x24 CMakeFiles/h750_blink.elf.dir/Drivers/STM32H7xx_HAL_Driver/Src/stm32h7xx_hal_rcc_ex.c.obj
                0x08007894                HAL_RCCEx_GetD3PCLK1Freq
 .text.HAL_RCCEx_GetPLL2ClockFreq
                0x080078b8      0x1f8 CMakeFiles/h750_blink.elf.dir/Drivers/STM32H7xx_HAL_Driver/Src/stm32h7xx_hal_rcc_ex.c.obj
                0x080078b8                HAL_RCCEx_GetPLL2ClockFreq
 .text.HAL_RCCEx_GetPLL3ClockFreq
                0x08007ab0      0x1f8 CMakeFiles/h750_blink.elf.dir/Drivers/STM32H7xx_HAL_Driver/Src/stm32h7xx_hal_rcc_ex.c.obj
                0x08007ab0                HAL_RCCEx_GetPLL3ClockFreq
 .text.TIM_OC1_SetConfig
                0x08007ca8       0xa8 CMakeFiles/h750_blink.elf.dir/Drivers/STM32H7xx_HAL_Driver/Src/stm32h7xx_hal_tim.c.obj
 .text.TIM_OC3_SetConfig
                0x08007d50       0x94 CMakeFiles/h750_blink.elf.dir/Drivers/STM32H7xx_HAL_Driver/Src/stm32h7xx_hal_tim.c.obj
 .text.TIM_OC4_SetConfig
                0x08007de4       0x74 CMakeFiles/h750_blink.elf.dir/Drivers/STM32H7xx_HAL_Driver/Src/stm32h7xx_hal_tim.c.obj
 .text.TIM_OC5_SetConfig
                0x08007e58       0x74 CMakeFiles/h750_blink.elf.dir/Drivers/STM32H7xx_HAL_Driver/Src/stm32h7xx_hal_tim.c.obj
 .text.TIM_OC6_SetConfig
                0x08007ecc       0x74 CMakeFiles/h750_blink.elf.dir/Drivers/STM32H7xx_HAL_Driver/Src/stm32h7xx_hal_tim.c.obj
 .text.TIM_Base_SetConfig
                0x08007f40      0x114 CMakeFiles/h750_blink.elf.dir/Drivers/STM32H7xx_HAL_Driver/Src/stm32h7xx_hal_tim.c.obj
                0x08007f40                TIM_Base_SetConfig
 .text.HAL_TIM_PWM_Init
                0x08008054       0x60 CMakeFiles/h750_blink.elf.dir/Drivers/STM32H7xx_HAL_Driver/Src/stm32h7xx_hal_tim.c.obj
                0x08008054                HAL_TIM_PWM_Init
 .text.TIM_OC2_SetConfig
                0x080080b4       0x94 CMakeFiles/h750_blink.elf.dir/Drivers/STM32H7xx_HAL_Driver/Src/stm32h7xx_hal_tim.c.obj
                0x080080b4                TIM_OC2_SetConfig
 .text.HAL_TIM_PWM_ConfigChannel
                0x08008148      0x13a CMakeFiles/h750_blink.elf.dir/Drivers/STM32H7xx_HAL_Driver/Src/stm32h7xx_hal_tim.c.obj
                0x08008148                HAL_TIM_PWM_ConfigChannel
 .text.TIM_CCxChannelCmd
                0x08008282       0x1e CMakeFiles/h750_blink.elf.dir/Drivers/STM32H7xx_HAL_Driver/Src/stm32h7xx_hal_tim.c.obj
                0x08008282                TIM_CCxChannelCmd
 .text.HAL_TIM_PWM_Start
                0x080082a0      0x168 CMakeFiles/h750_blink.elf.dir/Drivers/STM32H7xx_HAL_Driver/Src/stm32h7xx_hal_tim.c.obj
                0x080082a0                HAL_TIM_PWM_Start
 .text.HAL_TIMEx_MasterConfigSynchronization
                0x08008408       0xa0 CMakeFiles/h750_blink.elf.dir/Drivers/STM32H7xx_HAL_Driver/Src/stm32h7xx_hal_tim_ex.c.obj
                0x08008408                HAL_TIMEx_MasterConfigSynchronization
 .text.UART_EndRxTransfer
                0x080084a8       0x58 CMakeFiles/h750_blink.elf.dir/Drivers/STM32H7xx_HAL_Driver/Src/stm32h7xx_hal_uart.c.obj
 .text.HAL_UART_TxCpltCallback
                0x08008500        0x2 CMakeFiles/h750_blink.elf.dir/Drivers/STM32H7xx_HAL_Driver/Src/stm32h7xx_hal_uart.c.obj
                0x08008500                HAL_UART_TxCpltCallback
 .text.UART_EndTransmit_IT
                0x08008502       0x24 CMakeFiles/h750_blink.elf.dir/Drivers/STM32H7xx_HAL_Driver/Src/stm32h7xx_hal_uart.c.obj
 .text.HAL_UART_ErrorCallback
                0x08008526        0x2 CMakeFiles/h750_blink.elf.dir/Drivers/STM32H7xx_HAL_Driver/Src/stm32h7xx_hal_uart.c.obj
                0x08008526                HAL_UART_ErrorCallback
 .text.UART_DMAAbortOnError
                0x08008528       0x14 CMakeFiles/h750_blink.elf.dir/Drivers/STM32H7xx_HAL_Driver/Src/stm32h7xx_hal_uart.c.obj
 .text.HAL_UARTEx_RxEventCallback
                0x0800853c        0x2 CMakeFiles/h750_blink.elf.dir/Drivers/STM32H7xx_HAL_Driver/Src/stm32h7xx_hal_uart.c.obj
                0x0800853c                HAL_UARTEx_RxEventCallback
 *fill*         0x0800853e        0x2 
 .text.HAL_UART_IRQHandler
                0x08008540      0x3b8 CMakeFiles/h750_blink.elf.dir/Drivers/STM32H7xx_HAL_Driver/Src/stm32h7xx_hal_uart.c.obj
                0x08008540                HAL_UART_IRQHandler
 .text.UART_RxISR_8BIT
                0x080088f8       0xdc CMakeFiles/h750_blink.elf.dir/Drivers/STM32H7xx_HAL_Driver/Src/stm32h7xx_hal_uart.c.obj
 .text.UART_RxISR_16BIT
                0x080089d4       0xd8 CMakeFiles/h750_blink.elf.dir/Drivers/STM32H7xx_HAL_Driver/Src/stm32h7xx_hal_uart.c.obj
 .text.UART_RxISR_8BIT_FIFOEN
                0x08008aac      0x1cc CMakeFiles/h750_blink.elf.dir/Drivers/STM32H7xx_HAL_Driver/Src/stm32h7xx_hal_uart.c.obj
 .text.UART_RxISR_16BIT_FIFOEN
                0x08008c78      0x1c8 CMakeFiles/h750_blink.elf.dir/Drivers/STM32H7xx_HAL_Driver/Src/stm32h7xx_hal_uart.c.obj
 .text.UART_SetConfig
                0x08008e40      0x5f4 CMakeFiles/h750_blink.elf.dir/Drivers/STM32H7xx_HAL_Driver/Src/stm32h7xx_hal_uart.c.obj
                0x08008e40                UART_SetConfig
 .text.UART_AdvFeatureConfig
                0x08009434       0xca CMakeFiles/h750_blink.elf.dir/Drivers/STM32H7xx_HAL_Driver/Src/stm32h7xx_hal_uart.c.obj
                0x08009434                UART_AdvFeatureConfig
 .text.UART_WaitOnFlagUntilTimeout
                0x080094fe       0xaa CMakeFiles/h750_blink.elf.dir/Drivers/STM32H7xx_HAL_Driver/Src/stm32h7xx_hal_uart.c.obj
                0x080094fe                UART_WaitOnFlagUntilTimeout
 .text.HAL_UART_Transmit
                0x080095a8       0xd0 CMakeFiles/h750_blink.elf.dir/Drivers/STM32H7xx_HAL_Driver/Src/stm32h7xx_hal_uart.c.obj
                0x080095a8                HAL_UART_Transmit
 .text.HAL_UART_Receive
                0x08009678      0x116 CMakeFiles/h750_blink.elf.dir/Drivers/STM32H7xx_HAL_Driver/Src/stm32h7xx_hal_uart.c.obj
                0x08009678                HAL_UART_Receive
 .text.UART_CheckIdleState
                0x0800978e       0xca CMakeFiles/h750_blink.elf.dir/Drivers/STM32H7xx_HAL_Driver/Src/stm32h7xx_hal_uart.c.obj
                0x0800978e                UART_CheckIdleState
 .text.HAL_UART_Init
                0x08009858       0x66 CMakeFiles/h750_blink.elf.dir/Drivers/STM32H7xx_HAL_Driver/Src/stm32h7xx_hal_uart.c.obj
                0x08009858                HAL_UART_Init
 *fill*         0x080098be        0x2 
 .text.UART_Start_Receive_IT
                0x080098c0      0x13c CMakeFiles/h750_blink.elf.dir/Drivers/STM32H7xx_HAL_Driver/Src/stm32h7xx_hal_uart.c.obj
                0x080098c0                UART_Start_Receive_IT
 .text.HAL_UART_Receive_IT
                0x080099fc       0x4c CMakeFiles/h750_blink.elf.dir/Drivers/STM32H7xx_HAL_Driver/Src/stm32h7xx_hal_uart.c.obj
                0x080099fc                HAL_UART_Receive_IT
 .text.UARTEx_SetNbDataToProcess
                0x08009a48       0x4c CMakeFiles/h750_blink.elf.dir/Drivers/STM32H7xx_HAL_Driver/Src/stm32h7xx_hal_uart_ex.c.obj
 .text.HAL_UARTEx_WakeupCallback
                0x08009a94        0x2 CMakeFiles/h750_blink.elf.dir/Drivers/STM32H7xx_HAL_Driver/Src/stm32h7xx_hal_uart_ex.c.obj
                0x08009a94                HAL_UARTEx_WakeupCallback
 .text.HAL_UARTEx_RxFifoFullCallback
                0x08009a96        0x2 CMakeFiles/h750_blink.elf.dir/Drivers/STM32H7xx_HAL_Driver/Src/stm32h7xx_hal_uart_ex.c.obj
                0x08009a96                HAL_UARTEx_RxFifoFullCallback
 .text.HAL_UARTEx_TxFifoEmptyCallback
                0x08009a98        0x2 CMakeFiles/h750_blink.elf.dir/Drivers/STM32H7xx_HAL_Driver/Src/stm32h7xx_hal_uart_ex.c.obj
                0x08009a98                HAL_UARTEx_TxFifoEmptyCallback
 .text.HAL_UARTEx_DisableFifoMode
                0x08009a9a       0x3e CMakeFiles/h750_blink.elf.dir/Drivers/STM32H7xx_HAL_Driver/Src/stm32h7xx_hal_uart_ex.c.obj
                0x08009a9a                HAL_UARTEx_DisableFifoMode
 .text.HAL_UARTEx_SetTxFifoThreshold
                0x08009ad8       0x4a CMakeFiles/h750_blink.elf.dir/Drivers/STM32H7xx_HAL_Driver/Src/stm32h7xx_hal_uart_ex.c.obj
                0x08009ad8                HAL_UARTEx_SetTxFifoThreshold
 .text.HAL_UARTEx_SetRxFifoThreshold
                0x08009b22       0x4a CMakeFiles/h750_blink.elf.dir/Drivers/STM32H7xx_HAL_Driver/Src/stm32h7xx_hal_uart_ex.c.obj
                0x08009b22                HAL_UARTEx_SetRxFifoThreshold
 .text.__errno  0x08009b6c        0xc d:/c/gcc-arm-none-eabi-10.3-2021.10-win32/gcc-arm-none-eabi-10.3-2021.10/bin/../lib/gcc/arm-none-eabi/10.3.1/../../../../arm-none-eabi/lib/thumb/v7e-m+fp/hard\libg.a(lib_a-errno.o)
                0x08009b6c                __errno
 .text.__libc_init_array
                0x08009b78       0x48 d:/c/gcc-arm-none-eabi-10.3-2021.10-win32/gcc-arm-none-eabi-10.3-2021.10/bin/../lib/gcc/arm-none-eabi/10.3.1/../../../../arm-none-eabi/lib/thumb/v7e-m+fp/hard\libg.a(lib_a-init.o)
                0x08009b78                __libc_init_array
 .text.memset   0x08009bc0       0xa4 d:/c/gcc-arm-none-eabi-10.3-2021.10-win32/gcc-arm-none-eabi-10.3-2021.10/bin/../lib/gcc/arm-none-eabi/10.3.1/../../../../arm-none-eabi/lib/thumb/v7e-m+fp/hard\libg.a(lib_a-memset.o)
                0x08009bc0                memset
 .text.printf   0x08009c64       0x28 d:/c/gcc-arm-none-eabi-10.3-2021.10-win32/gcc-arm-none-eabi-10.3-2021.10/bin/../lib/gcc/arm-none-eabi/10.3.1/../../../../arm-none-eabi/lib/thumb/v7e-m+fp/hard\libg.a(lib_a-printf.o)
                0x08009c64                printf
 .text.setvbuf  0x08009c8c      0x1b0 d:/c/gcc-arm-none-eabi-10.3-2021.10-win32/gcc-arm-none-eabi-10.3-2021.10/bin/../lib/gcc/arm-none-eabi/10.3.1/../../../../arm-none-eabi/lib/thumb/v7e-m+fp/hard\libg.a(lib_a-setvbuf.o)
                0x08009c8c                setvbuf
 *fill*         0x08009e3c        0x4 
 .text._vfprintf_r
                0x08009e40     0x1b90 d:/c/gcc-arm-none-eabi-10.3-2021.10-win32/gcc-arm-none-eabi-10.3-2021.10/bin/../lib/gcc/arm-none-eabi/10.3.1/../../../../arm-none-eabi/lib/thumb/v7e-m+fp/hard\libg.a(lib_a-vfprintf.o)
                0x08009e40                _vfprintf_r
 .text.__sbprintf
                0x0800b9d0       0x80 d:/c/gcc-arm-none-eabi-10.3-2021.10-win32/gcc-arm-none-eabi-10.3-2021.10/bin/../lib/gcc/arm-none-eabi/10.3.1/../../../../arm-none-eabi/lib/thumb/v7e-m+fp/hard\libg.a(lib_a-vfprintf.o)
 .text.__swsetup_r
                0x0800ba50       0xd4 d:/c/gcc-arm-none-eabi-10.3-2021.10-win32/gcc-arm-none-eabi-10.3-2021.10/bin/../lib/gcc/arm-none-eabi/10.3.1/../../../../arm-none-eabi/lib/thumb/v7e-m+fp/hard\libg.a(lib_a-wsetup.o)
                0x0800ba50                __swsetup_r
 .text.startup.register_fini
                0x0800bb24       0x14 d:/c/gcc-arm-none-eabi-10.3-2021.10-win32/gcc-arm-none-eabi-10.3-2021.10/bin/../lib/gcc/arm-none-eabi/10.3.1/../../../../arm-none-eabi/lib/thumb/v7e-m+fp/hard\libg.a(lib_a-__call_atexit.o)
 .text.atexit   0x0800bb38        0xc d:/c/gcc-arm-none-eabi-10.3-2021.10-win32/gcc-arm-none-eabi-10.3-2021.10/bin/../lib/gcc/arm-none-eabi/10.3.1/../../../../arm-none-eabi/lib/thumb/v7e-m+fp/hard\libg.a(lib_a-atexit.o)
                0x0800bb38                atexit
 .text.quorem   0x0800bb44      0x128 d:/c/gcc-arm-none-eabi-10.3-2021.10-win32/gcc-arm-none-eabi-10.3-2021.10/bin/../lib/gcc/arm-none-eabi/10.3.1/../../../../arm-none-eabi/lib/thumb/v7e-m+fp/hard\libg.a(lib_a-dtoa.o)
 *fill*         0x0800bc6c        0x4 
 .text._dtoa_r  0x0800bc70      0xf3c d:/c/gcc-arm-none-eabi-10.3-2021.10-win32/gcc-arm-none-eabi-10.3-2021.10/bin/../lib/gcc/arm-none-eabi/10.3.1/../../../../arm-none-eabi/lib/thumb/v7e-m+fp/hard\libg.a(lib_a-dtoa.o)
                0x0800bc70                _dtoa_r
 .text.__sflush_r
                0x0800cbac      0x130 d:/c/gcc-arm-none-eabi-10.3-2021.10-win32/gcc-arm-none-eabi-10.3-2021.10/bin/../lib/gcc/arm-none-eabi/10.3.1/../../../../arm-none-eabi/lib/thumb/v7e-m+fp/hard\libg.a(lib_a-fflush.o)
                0x0800cbac                __sflush_r
 .text._fflush_r
                0x0800ccdc       0x5c d:/c/gcc-arm-none-eabi-10.3-2021.10-win32/gcc-arm-none-eabi-10.3-2021.10/bin/../lib/gcc/arm-none-eabi/10.3.1/../../../../arm-none-eabi/lib/thumb/v7e-m+fp/hard\libg.a(lib_a-fflush.o)
                0x0800ccdc                _fflush_r
 .text._cleanup_r
                0x0800cd38        0xc d:/c/gcc-arm-none-eabi-10.3-2021.10-win32/gcc-arm-none-eabi-10.3-2021.10/bin/../lib/gcc/arm-none-eabi/10.3.1/../../../../arm-none-eabi/lib/thumb/v7e-m+fp/hard\libg.a(lib_a-findfp.o)
                0x0800cd38                _cleanup_r
 .text.__sinit  0x0800cd44      0x10c d:/c/gcc-arm-none-eabi-10.3-2021.10-win32/gcc-arm-none-eabi-10.3-2021.10/bin/../lib/gcc/arm-none-eabi/10.3.1/../../../../arm-none-eabi/lib/thumb/v7e-m+fp/hard\libg.a(lib_a-findfp.o)
                0x0800cd44                __sinit
 .text.__sfp_lock_acquire
                0x0800ce50        0xc d:/c/gcc-arm-none-eabi-10.3-2021.10-win32/gcc-arm-none-eabi-10.3-2021.10/bin/../lib/gcc/arm-none-eabi/10.3.1/../../../../arm-none-eabi/lib/thumb/v7e-m+fp/hard\libg.a(lib_a-findfp.o)
                0x0800ce50                __sfp_lock_acquire
 .text.__sfp_lock_release
                0x0800ce5c        0xc d:/c/gcc-arm-none-eabi-10.3-2021.10-win32/gcc-arm-none-eabi-10.3-2021.10/bin/../lib/gcc/arm-none-eabi/10.3.1/../../../../arm-none-eabi/lib/thumb/v7e-m+fp/hard\libg.a(lib_a-findfp.o)
                0x0800ce5c                __sfp_lock_release
 .text.__libc_fini_array
                0x0800ce68       0x2c d:/c/gcc-arm-none-eabi-10.3-2021.10-win32/gcc-arm-none-eabi-10.3-2021.10/bin/../lib/gcc/arm-none-eabi/10.3.1/../../../../arm-none-eabi/lib/thumb/v7e-m+fp/hard\libg.a(lib_a-fini.o)
                0x0800ce68                __libc_fini_array
 .text._malloc_trim_r
                0x0800ce94       0xa0 d:/c/gcc-arm-none-eabi-10.3-2021.10-win32/gcc-arm-none-eabi-10.3-2021.10/bin/../lib/gcc/arm-none-eabi/10.3.1/../../../../arm-none-eabi/lib/thumb/v7e-m+fp/hard\libg.a(lib_a-freer.o)
                0x0800ce94                _malloc_trim_r
 .text._free_r  0x0800cf34      0x20c d:/c/gcc-arm-none-eabi-10.3-2021.10-win32/gcc-arm-none-eabi-10.3-2021.10/bin/../lib/gcc/arm-none-eabi/10.3.1/../../../../arm-none-eabi/lib/thumb/v7e-m+fp/hard\libg.a(lib_a-freer.o)
                0x0800cf34                _free_r
 .text._fwalk_reent
                0x0800d140       0x48 d:/c/gcc-arm-none-eabi-10.3-2021.10-win32/gcc-arm-none-eabi-10.3-2021.10/bin/../lib/gcc/arm-none-eabi/10.3.1/../../../../arm-none-eabi/lib/thumb/v7e-m+fp/hard\libg.a(lib_a-fwalk.o)
                0x0800d140                _fwalk_reent
 .text._localeconv_r
                0x0800d188        0x8 d:/c/gcc-arm-none-eabi-10.3-2021.10-win32/gcc-arm-none-eabi-10.3-2021.10/bin/../lib/gcc/arm-none-eabi/10.3.1/../../../../arm-none-eabi/lib/thumb/v7e-m+fp/hard\libg.a(lib_a-localeconv.o)
                0x0800d188                _localeconv_r
 .text.__retarget_lock_init_recursive
                0x0800d190        0x4 d:/c/gcc-arm-none-eabi-10.3-2021.10-win32/gcc-arm-none-eabi-10.3-2021.10/bin/../lib/gcc/arm-none-eabi/10.3.1/../../../../arm-none-eabi/lib/thumb/v7e-m+fp/hard\libg.a(lib_a-lock.o)
                0x0800d190                __retarget_lock_init_recursive
 .text.__retarget_lock_close_recursive
                0x0800d194        0x4 d:/c/gcc-arm-none-eabi-10.3-2021.10-win32/gcc-arm-none-eabi-10.3-2021.10/bin/../lib/gcc/arm-none-eabi/10.3.1/../../../../arm-none-eabi/lib/thumb/v7e-m+fp/hard\libg.a(lib_a-lock.o)
                0x0800d194                __retarget_lock_close_recursive
 .text.__retarget_lock_acquire_recursive
                0x0800d198        0x4 d:/c/gcc-arm-none-eabi-10.3-2021.10-win32/gcc-arm-none-eabi-10.3-2021.10/bin/../lib/gcc/arm-none-eabi/10.3.1/../../../../arm-none-eabi/lib/thumb/v7e-m+fp/hard\libg.a(lib_a-lock.o)
                0x0800d198                __retarget_lock_acquire_recursive
 .text.__retarget_lock_release_recursive
                0x0800d19c        0x4 d:/c/gcc-arm-none-eabi-10.3-2021.10-win32/gcc-arm-none-eabi-10.3-2021.10/bin/../lib/gcc/arm-none-eabi/10.3.1/../../../../arm-none-eabi/lib/thumb/v7e-m+fp/hard\libg.a(lib_a-lock.o)
                0x0800d19c                __retarget_lock_release_recursive
 .text.__smakebuf_r
                0x0800d1a0       0xe0 d:/c/gcc-arm-none-eabi-10.3-2021.10-win32/gcc-arm-none-eabi-10.3-2021.10/bin/../lib/gcc/arm-none-eabi/10.3.1/../../../../arm-none-eabi/lib/thumb/v7e-m+fp/hard\libg.a(lib_a-makebuf.o)
                0x0800d1a0                __smakebuf_r
 .text.__swhatbuf_r
                0x0800d280       0x60 d:/c/gcc-arm-none-eabi-10.3-2021.10-win32/gcc-arm-none-eabi-10.3-2021.10/bin/../lib/gcc/arm-none-eabi/10.3.1/../../../../arm-none-eabi/lib/thumb/v7e-m+fp/hard\libg.a(lib_a-makebuf.o)
                0x0800d280                __swhatbuf_r
 .text.malloc   0x0800d2e0       0x10 d:/c/gcc-arm-none-eabi-10.3-2021.10-win32/gcc-arm-none-eabi-10.3-2021.10/bin/../lib/gcc/arm-none-eabi/10.3.1/../../../../arm-none-eabi/lib/thumb/v7e-m+fp/hard\libg.a(lib_a-malloc.o)
                0x0800d2e0                malloc
 .text._malloc_r
                0x0800d2f0      0x560 d:/c/gcc-arm-none-eabi-10.3-2021.10-win32/gcc-arm-none-eabi-10.3-2021.10/bin/../lib/gcc/arm-none-eabi/10.3.1/../../../../arm-none-eabi/lib/thumb/v7e-m+fp/hard\libg.a(lib_a-mallocr.o)
                0x0800d2f0                _malloc_r
 .text.__malloc_lock
                0x0800d850        0xc d:/c/gcc-arm-none-eabi-10.3-2021.10-win32/gcc-arm-none-eabi-10.3-2021.10/bin/../lib/gcc/arm-none-eabi/10.3.1/../../../../arm-none-eabi/lib/thumb/v7e-m+fp/hard\libg.a(lib_a-mlock.o)
                0x0800d850                __malloc_lock
 .text.__malloc_unlock
                0x0800d85c        0xc d:/c/gcc-arm-none-eabi-10.3-2021.10-win32/gcc-arm-none-eabi-10.3-2021.10/bin/../lib/gcc/arm-none-eabi/10.3.1/../../../../arm-none-eabi/lib/thumb/v7e-m+fp/hard\libg.a(lib_a-mlock.o)
                0x0800d85c                __malloc_unlock
 .text._Balloc  0x0800d868       0x4c d:/c/gcc-arm-none-eabi-10.3-2021.10-win32/gcc-arm-none-eabi-10.3-2021.10/bin/../lib/gcc/arm-none-eabi/10.3.1/../../../../arm-none-eabi/lib/thumb/v7e-m+fp/hard\libg.a(lib_a-mprec.o)
                0x0800d868                _Balloc
 .text._Bfree   0x0800d8b4       0x14 d:/c/gcc-arm-none-eabi-10.3-2021.10-win32/gcc-arm-none-eabi-10.3-2021.10/bin/../lib/gcc/arm-none-eabi/10.3.1/../../../../arm-none-eabi/lib/thumb/v7e-m+fp/hard\libg.a(lib_a-mprec.o)
                0x0800d8b4                _Bfree
 .text.__multadd
                0x0800d8c8       0xa8 d:/c/gcc-arm-none-eabi-10.3-2021.10-win32/gcc-arm-none-eabi-10.3-2021.10/bin/../lib/gcc/arm-none-eabi/10.3.1/../../../../arm-none-eabi/lib/thumb/v7e-m+fp/hard\libg.a(lib_a-mprec.o)
                0x0800d8c8                __multadd
 .text.__hi0bits
                0x0800d970       0x40 d:/c/gcc-arm-none-eabi-10.3-2021.10-win32/gcc-arm-none-eabi-10.3-2021.10/bin/../lib/gcc/arm-none-eabi/10.3.1/../../../../arm-none-eabi/lib/thumb/v7e-m+fp/hard\libg.a(lib_a-mprec.o)
                0x0800d970                __hi0bits
 .text.__lo0bits
                0x0800d9b0       0x60 d:/c/gcc-arm-none-eabi-10.3-2021.10-win32/gcc-arm-none-eabi-10.3-2021.10/bin/../lib/gcc/arm-none-eabi/10.3.1/../../../../arm-none-eabi/lib/thumb/v7e-m+fp/hard\libg.a(lib_a-mprec.o)
                0x0800d9b0                __lo0bits
 .text.__i2b    0x0800da10       0x5c d:/c/gcc-arm-none-eabi-10.3-2021.10-win32/gcc-arm-none-eabi-10.3-2021.10/bin/../lib/gcc/arm-none-eabi/10.3.1/../../../../arm-none-eabi/lib/thumb/v7e-m+fp/hard\libg.a(lib_a-mprec.o)
                0x0800da10                __i2b
 .text.__multiply
                0x0800da6c      0x15c d:/c/gcc-arm-none-eabi-10.3-2021.10-win32/gcc-arm-none-eabi-10.3-2021.10/bin/../lib/gcc/arm-none-eabi/10.3.1/../../../../arm-none-eabi/lib/thumb/v7e-m+fp/hard\libg.a(lib_a-mprec.o)
                0x0800da6c                __multiply
 .text.__pow5mult
                0x0800dbc8       0xc0 d:/c/gcc-arm-none-eabi-10.3-2021.10-win32/gcc-arm-none-eabi-10.3-2021.10/bin/../lib/gcc/arm-none-eabi/10.3.1/../../../../arm-none-eabi/lib/thumb/v7e-m+fp/hard\libg.a(lib_a-mprec.o)
                0x0800dbc8                __pow5mult
 .text.__lshift
                0x0800dc88       0xf0 d:/c/gcc-arm-none-eabi-10.3-2021.10-win32/gcc-arm-none-eabi-10.3-2021.10/bin/../lib/gcc/arm-none-eabi/10.3.1/../../../../arm-none-eabi/lib/thumb/v7e-m+fp/hard\libg.a(lib_a-mprec.o)
                0x0800dc88                __lshift
 .text.__mcmp   0x0800dd78       0x44 d:/c/gcc-arm-none-eabi-10.3-2021.10-win32/gcc-arm-none-eabi-10.3-2021.10/bin/../lib/gcc/arm-none-eabi/10.3.1/../../../../arm-none-eabi/lib/thumb/v7e-m+fp/hard\libg.a(lib_a-mprec.o)
                0x0800dd78                __mcmp
 .text.__mdiff  0x0800ddbc      0x14c d:/c/gcc-arm-none-eabi-10.3-2021.10-win32/gcc-arm-none-eabi-10.3-2021.10/bin/../lib/gcc/arm-none-eabi/10.3.1/../../../../arm-none-eabi/lib/thumb/v7e-m+fp/hard\libg.a(lib_a-mprec.o)
                0x0800ddbc                __mdiff
 .text.__d2b    0x0800df08       0xd0 d:/c/gcc-arm-none-eabi-10.3-2021.10-win32/gcc-arm-none-eabi-10.3-2021.10/bin/../lib/gcc/arm-none-eabi/10.3.1/../../../../arm-none-eabi/lib/thumb/v7e-m+fp/hard\libg.a(lib_a-mprec.o)
                0x0800df08                __d2b
 .text.frexp    0x0800dfd8       0x6c d:/c/gcc-arm-none-eabi-10.3-2021.10-win32/gcc-arm-none-eabi-10.3-2021.10/bin/../lib/gcc/arm-none-eabi/10.3.1/../../../../arm-none-eabi/lib/thumb/v7e-m+fp/hard\libg.a(lib_a-s_frexp.o)
                0x0800dfd8                frexp
 .text._sbrk_r  0x0800e044       0x24 d:/c/gcc-arm-none-eabi-10.3-2021.10-win32/gcc-arm-none-eabi-10.3-2021.10/bin/../lib/gcc/arm-none-eabi/10.3.1/../../../../arm-none-eabi/lib/thumb/v7e-m+fp/hard\libg.a(lib_a-sbrkr.o)
                0x0800e044                _sbrk_r
 .text.__sread  0x0800e068       0x24 d:/c/gcc-arm-none-eabi-10.3-2021.10-win32/gcc-arm-none-eabi-10.3-2021.10/bin/../lib/gcc/arm-none-eabi/10.3.1/../../../../arm-none-eabi/lib/thumb/v7e-m+fp/hard\libg.a(lib_a-stdio.o)
                0x0800e068                __sread
 .text.__swrite
                0x0800e08c       0x40 d:/c/gcc-arm-none-eabi-10.3-2021.10-win32/gcc-arm-none-eabi-10.3-2021.10/bin/../lib/gcc/arm-none-eabi/10.3.1/../../../../arm-none-eabi/lib/thumb/v7e-m+fp/hard\libg.a(lib_a-stdio.o)
                0x0800e08c                __swrite
 .text.__sseek  0x0800e0cc       0x20 d:/c/gcc-arm-none-eabi-10.3-2021.10-win32/gcc-arm-none-eabi-10.3-2021.10/bin/../lib/gcc/arm-none-eabi/10.3.1/../../../../arm-none-eabi/lib/thumb/v7e-m+fp/hard\libg.a(lib_a-stdio.o)
                0x0800e0cc                __sseek
 .text.__sclose
                0x0800e0ec        0x8 d:/c/gcc-arm-none-eabi-10.3-2021.10-win32/gcc-arm-none-eabi-10.3-2021.10/bin/../lib/gcc/arm-none-eabi/10.3.1/../../../../arm-none-eabi/lib/thumb/v7e-m+fp/hard\libg.a(lib_a-stdio.o)
                0x0800e0ec                __sclose
 .text.strncpy  0x0800e0f4       0x64 d:/c/gcc-arm-none-eabi-10.3-2021.10-win32/gcc-arm-none-eabi-10.3-2021.10/bin/../lib/gcc/arm-none-eabi/10.3.1/../../../../arm-none-eabi/lib/thumb/v7e-m+fp/hard\libg.a(lib_a-strncpy.o)
                0x0800e0f4                strncpy
 .text.__sprint_r.part.0
                0x0800e158       0x78 d:/c/gcc-arm-none-eabi-10.3-2021.10-win32/gcc-arm-none-eabi-10.3-2021.10/bin/../lib/gcc/arm-none-eabi/10.3.1/../../../../arm-none-eabi/lib/thumb/v7e-m+fp/hard\libg.a(lib_a-vfiprintf.o)
 .text.__sprint_r
                0x0800e1d0       0x18 d:/c/gcc-arm-none-eabi-10.3-2021.10-win32/gcc-arm-none-eabi-10.3-2021.10/bin/../lib/gcc/arm-none-eabi/10.3.1/../../../../arm-none-eabi/lib/thumb/v7e-m+fp/hard\libg.a(lib_a-vfiprintf.o)
                0x0800e1d0                __sprint_r
 .text._vfiprintf_r
                0x0800e1e8      0xdfc d:/c/gcc-arm-none-eabi-10.3-2021.10-win32/gcc-arm-none-eabi-10.3-2021.10/bin/../lib/gcc/arm-none-eabi/10.3.1/../../../../arm-none-eabi/lib/thumb/v7e-m+fp/hard\libg.a(lib_a-vfiprintf.o)
                0x0800e1e8                _vfiprintf_r
 .text.__sbprintf
                0x0800efe4       0x80 d:/c/gcc-arm-none-eabi-10.3-2021.10-win32/gcc-arm-none-eabi-10.3-2021.10/bin/../lib/gcc/arm-none-eabi/10.3.1/../../../../arm-none-eabi/lib/thumb/v7e-m+fp/hard\libg.a(lib_a-vfiprintf.o)
 .text._write_r
                0x0800f064       0x2c d:/c/gcc-arm-none-eabi-10.3-2021.10-win32/gcc-arm-none-eabi-10.3-2021.10/bin/../lib/gcc/arm-none-eabi/10.3.1/../../../../arm-none-eabi/lib/thumb/v7e-m+fp/hard\libg.a(lib_a-writer.o)
                0x0800f064                _write_r
 .text.__register_exitproc
                0x0800f090       0x8c d:/c/gcc-arm-none-eabi-10.3-2021.10-win32/gcc-arm-none-eabi-10.3-2021.10/bin/../lib/gcc/arm-none-eabi/10.3.1/../../../../arm-none-eabi/lib/thumb/v7e-m+fp/hard\libg.a(lib_a-__atexit.o)
                0x0800f090                __register_exitproc
 .text.__assert_func
                0x0800f11c       0x40 d:/c/gcc-arm-none-eabi-10.3-2021.10-win32/gcc-arm-none-eabi-10.3-2021.10/bin/../lib/gcc/arm-none-eabi/10.3.1/../../../../arm-none-eabi/lib/thumb/v7e-m+fp/hard\libg.a(lib_a-assert.o)
                0x0800f11c                __assert_func
 .text._calloc_r
                0x0800f15c       0x78 d:/c/gcc-arm-none-eabi-10.3-2021.10-win32/gcc-arm-none-eabi-10.3-2021.10/bin/../lib/gcc/arm-none-eabi/10.3.1/../../../../arm-none-eabi/lib/thumb/v7e-m+fp/hard\libg.a(lib_a-callocr.o)
                0x0800f15c                _calloc_r
 .text._close_r
                0x0800f1d4       0x24 d:/c/gcc-arm-none-eabi-10.3-2021.10-win32/gcc-arm-none-eabi-10.3-2021.10/bin/../lib/gcc/arm-none-eabi/10.3.1/../../../../arm-none-eabi/lib/thumb/v7e-m+fp/hard\libg.a(lib_a-closer.o)
                0x0800f1d4                _close_r
 .text._fclose_r
                0x0800f1f8       0xcc d:/c/gcc-arm-none-eabi-10.3-2021.10-win32/gcc-arm-none-eabi-10.3-2021.10/bin/../lib/gcc/arm-none-eabi/10.3.1/../../../../arm-none-eabi/lib/thumb/v7e-m+fp/hard\libg.a(lib_a-fclose.o)
                0x0800f1f8                _fclose_r
 .text.fiprintf
                0x0800f2c4       0x28 d:/c/gcc-arm-none-eabi-10.3-2021.10-win32/gcc-arm-none-eabi-10.3-2021.10/bin/../lib/gcc/arm-none-eabi/10.3.1/../../../../arm-none-eabi/lib/thumb/v7e-m+fp/hard\libg.a(lib_a-fiprintf.o)
                0x0800f2c4                fiprintf
 .text.__fputwc
                0x0800f2ec       0xa8 d:/c/gcc-arm-none-eabi-10.3-2021.10-win32/gcc-arm-none-eabi-10.3-2021.10/bin/../lib/gcc/arm-none-eabi/10.3.1/../../../../arm-none-eabi/lib/thumb/v7e-m+fp/hard\libg.a(lib_a-fputwc.o)
                0x0800f2ec                __fputwc
 .text._fputwc_r
                0x0800f394       0x68 d:/c/gcc-arm-none-eabi-10.3-2021.10-win32/gcc-arm-none-eabi-10.3-2021.10/bin/../lib/gcc/arm-none-eabi/10.3.1/../../../../arm-none-eabi/lib/thumb/v7e-m+fp/hard\libg.a(lib_a-fputwc.o)
                0x0800f394                _fputwc_r
 .text._fstat_r
                0x0800f3fc       0x2c d:/c/gcc-arm-none-eabi-10.3-2021.10-win32/gcc-arm-none-eabi-10.3-2021.10/bin/../lib/gcc/arm-none-eabi/10.3.1/../../../../arm-none-eabi/lib/thumb/v7e-m+fp/hard\libg.a(lib_a-fstatr.o)
                0x0800f3fc                _fstat_r
 .text.__sfvwrite_r
                0x0800f428      0x2f0 d:/c/gcc-arm-none-eabi-10.3-2021.10-win32/gcc-arm-none-eabi-10.3-2021.10/bin/../lib/gcc/arm-none-eabi/10.3.1/../../../../arm-none-eabi/lib/thumb/v7e-m+fp/hard\libg.a(lib_a-fvwrite.o)
                0x0800f428                __sfvwrite_r
 .text._isatty_r
                0x0800f718       0x24 d:/c/gcc-arm-none-eabi-10.3-2021.10-win32/gcc-arm-none-eabi-10.3-2021.10/bin/../lib/gcc/arm-none-eabi/10.3.1/../../../../arm-none-eabi/lib/thumb/v7e-m+fp/hard\libg.a(lib_a-isattyr.o)
                0x0800f718                _isatty_r
 .text.__locale_mb_cur_max
                0x0800f73c        0xc d:/c/gcc-arm-none-eabi-10.3-2021.10-win32/gcc-arm-none-eabi-10.3-2021.10/bin/../lib/gcc/arm-none-eabi/10.3.1/../../../../arm-none-eabi/lib/thumb/v7e-m+fp/hard\libg.a(lib_a-locale.o)
                0x0800f73c                __locale_mb_cur_max
 .text._lseek_r
                0x0800f748       0x2c d:/c/gcc-arm-none-eabi-10.3-2021.10-win32/gcc-arm-none-eabi-10.3-2021.10/bin/../lib/gcc/arm-none-eabi/10.3.1/../../../../arm-none-eabi/lib/thumb/v7e-m+fp/hard\libg.a(lib_a-lseekr.o)
                0x0800f748                _lseek_r
 .text.__ascii_mbtowc
                0x0800f774       0x2c d:/c/gcc-arm-none-eabi-10.3-2021.10-win32/gcc-arm-none-eabi-10.3-2021.10/bin/../lib/gcc/arm-none-eabi/10.3.1/../../../../arm-none-eabi/lib/thumb/v7e-m+fp/hard\libg.a(lib_a-mbtowc_r.o)
                0x0800f774                __ascii_mbtowc
 .text.memmove  0x0800f7a0       0xf8 d:/c/gcc-arm-none-eabi-10.3-2021.10-win32/gcc-arm-none-eabi-10.3-2021.10/bin/../lib/gcc/arm-none-eabi/10.3.1/../../../../arm-none-eabi/lib/thumb/v7e-m+fp/hard\libg.a(lib_a-memmove.o)
                0x0800f7a0                memmove
 .text._read_r  0x0800f898       0x2c d:/c/gcc-arm-none-eabi-10.3-2021.10-win32/gcc-arm-none-eabi-10.3-2021.10/bin/../lib/gcc/arm-none-eabi/10.3.1/../../../../arm-none-eabi/lib/thumb/v7e-m+fp/hard\libg.a(lib_a-readr.o)
                0x0800f898                _read_r
 .text._realloc_r
                0x0800f8c4      0x3d8 d:/c/gcc-arm-none-eabi-10.3-2021.10-win32/gcc-arm-none-eabi-10.3-2021.10/bin/../lib/gcc/arm-none-eabi/10.3.1/../../../../arm-none-eabi/lib/thumb/v7e-m+fp/hard\libg.a(lib_a-reallocr.o)
                0x0800f8c4                _realloc_r
 .text.__swbuf_r
                0x0800fc9c       0xb0 d:/c/gcc-arm-none-eabi-10.3-2021.10-win32/gcc-arm-none-eabi-10.3-2021.10/bin/../lib/gcc/arm-none-eabi/10.3.1/../../../../arm-none-eabi/lib/thumb/v7e-m+fp/hard\libg.a(lib_a-wbuf.o)
                0x0800fc9c                __swbuf_r
 .text._wcrtomb_r
                0x0800fd4c       0x3c d:/c/gcc-arm-none-eabi-10.3-2021.10-win32/gcc-arm-none-eabi-10.3-2021.10/bin/../lib/gcc/arm-none-eabi/10.3.1/../../../../arm-none-eabi/lib/thumb/v7e-m+fp/hard\libg.a(lib_a-wcrtomb.o)
                0x0800fd4c                _wcrtomb_r
 .text.__ascii_wctomb
                0x0800fd88       0x1c d:/c/gcc-arm-none-eabi-10.3-2021.10-win32/gcc-arm-none-eabi-10.3-2021.10/bin/../lib/gcc/arm-none-eabi/10.3.1/../../../../arm-none-eabi/lib/thumb/v7e-m+fp/hard\libg.a(lib_a-wctomb_r.o)
                0x0800fd88                __ascii_wctomb
 .text.abort    0x0800fda4       0x10 d:/c/gcc-arm-none-eabi-10.3-2021.10-win32/gcc-arm-none-eabi-10.3-2021.10/bin/../lib/gcc/arm-none-eabi/10.3.1/../../../../arm-none-eabi/lib/thumb/v7e-m+fp/hard\libg.a(lib_a-abort.o)
                0x0800fda4                abort
 .text.raise    0x0800fdb4       0x5c d:/c/gcc-arm-none-eabi-10.3-2021.10-win32/gcc-arm-none-eabi-10.3-2021.10/bin/../lib/gcc/arm-none-eabi/10.3.1/../../../../arm-none-eabi/lib/thumb/v7e-m+fp/hard\libg.a(lib_a-signal.o)
                0x0800fdb4                raise
 .text._kill_r  0x0800fe10       0x2c d:/c/gcc-arm-none-eabi-10.3-2021.10-win32/gcc-arm-none-eabi-10.3-2021.10/bin/../lib/gcc/arm-none-eabi/10.3.1/../../../../arm-none-eabi/lib/thumb/v7e-m+fp/hard\libg.a(lib_a-signalr.o)
                0x0800fe10                _kill_r
 .text._getpid_r
                0x0800fe3c        0x4 d:/c/gcc-arm-none-eabi-10.3-2021.10-win32/gcc-arm-none-eabi-10.3-2021.10/bin/../lib/gcc/arm-none-eabi/10.3.1/../../../../arm-none-eabi/lib/thumb/v7e-m+fp/hard\libg.a(lib_a-signalr.o)
                0x0800fe3c                _getpid_r
 *(.glue_7)
 .glue_7        0x0800fe40        0x0 linker stubs
 *(.glue_7t)
 .glue_7t       0x0800fe40        0x0 linker stubs
 *(.eh_frame)
 .eh_frame      0x0800fe40        0x0 d:/c/gcc-arm-none-eabi-10.3-2021.10-win32/gcc-arm-none-eabi-10.3-2021.10/bin/../lib/gcc/arm-none-eabi/10.3.1/thumb/v7e-m+fp/hard/crtbegin.o
 *(.init)
 .init          0x0800fe40        0x4 d:/c/gcc-arm-none-eabi-10.3-2021.10-win32/gcc-arm-none-eabi-10.3-2021.10/bin/../lib/gcc/arm-none-eabi/10.3.1/thumb/v7e-m+fp/hard/crti.o
                0x0800fe40                _init
 .init          0x0800fe44        0x8 d:/c/gcc-arm-none-eabi-10.3-2021.10-win32/gcc-arm-none-eabi-10.3-2021.10/bin/../lib/gcc/arm-none-eabi/10.3.1/thumb/v7e-m+fp/hard/crtn.o
 *(.fini)
 .fini          0x0800fe4c        0x4 d:/c/gcc-arm-none-eabi-10.3-2021.10-win32/gcc-arm-none-eabi-10.3-2021.10/bin/../lib/gcc/arm-none-eabi/10.3.1/thumb/v7e-m+fp/hard/crti.o
                0x0800fe4c                _fini
 .fini          0x0800fe50        0x8 d:/c/gcc-arm-none-eabi-10.3-2021.10-win32/gcc-arm-none-eabi-10.3-2021.10/bin/../lib/gcc/arm-none-eabi/10.3.1/thumb/v7e-m+fp/hard/crtn.o
                0x0800fe58                . = ALIGN (0x4)
                0x0800fe58                _etext = .

.vfp11_veneer   0x0800fe58        0x0
 .vfp11_veneer  0x0800fe58        0x0 linker stubs

.v4_bx          0x0800fe58        0x0
 .v4_bx         0x0800fe58        0x0 linker stubs

.iplt           0x0800fe58        0x0
 .iplt          0x0800fe58        0x0 d:/c/gcc-arm-none-eabi-10.3-2021.10-win32/gcc-arm-none-eabi-10.3-2021.10/bin/../lib/gcc/arm-none-eabi/10.3.1/thumb/v7e-m+fp/hard/crtbegin.o

.rodata         0x0800fe58      0x448
                0x0800fe58                . = ALIGN (0x4)
 *(.rodata)
 *(.rodata*)
 .rodata.Get_Data.str1.4
                0x0800fe58        0xe CMakeFiles/h750_blink.elf.dir/Core/Src/main.c.obj
 *fill*         0x0800fe66        0x2 
 .rodata.D1CorePrescTable
                0x0800fe68       0x10 CMakeFiles/h750_blink.elf.dir/Core/Src/system_stm32h7xx.c.obj
                0x0800fe68                D1CorePrescTable
 .rodata.UARTPrescTable
                0x0800fe78       0x18 CMakeFiles/h750_blink.elf.dir/Drivers/STM32H7xx_HAL_Driver/Src/stm32h7xx_hal_uart.c.obj
                0x0800fe78                UARTPrescTable
 .rodata.denominator.0
                0x0800fe90        0x8 CMakeFiles/h750_blink.elf.dir/Drivers/STM32H7xx_HAL_Driver/Src/stm32h7xx_hal_uart_ex.c.obj
 .rodata.numerator.1
                0x0800fe98        0x8 CMakeFiles/h750_blink.elf.dir/Drivers/STM32H7xx_HAL_Driver/Src/stm32h7xx_hal_uart_ex.c.obj
 .rodata._global_impure_ptr
                0x0800fea0        0x4 d:/c/gcc-arm-none-eabi-10.3-2021.10-win32/gcc-arm-none-eabi-10.3-2021.10/bin/../lib/gcc/arm-none-eabi/10.3.1/../../../../arm-none-eabi/lib/thumb/v7e-m+fp/hard\libg.a(lib_a-impure.o)
                0x0800fea0                _global_impure_ptr
 .rodata._vfprintf_r.str1.4
                0x0800fea4       0x42 d:/c/gcc-arm-none-eabi-10.3-2021.10-win32/gcc-arm-none-eabi-10.3-2021.10/bin/../lib/gcc/arm-none-eabi/10.3.1/../../../../arm-none-eabi/lib/thumb/v7e-m+fp/hard\libg.a(lib_a-vfprintf.o)
 *fill*         0x0800fee6        0x2 
 .rodata.blanks.1
                0x0800fee8       0x10 d:/c/gcc-arm-none-eabi-10.3-2021.10-win32/gcc-arm-none-eabi-10.3-2021.10/bin/../lib/gcc/arm-none-eabi/10.3.1/../../../../arm-none-eabi/lib/thumb/v7e-m+fp/hard\libg.a(lib_a-vfprintf.o)
 .rodata.zeroes.0
                0x0800fef8       0x10 d:/c/gcc-arm-none-eabi-10.3-2021.10-win32/gcc-arm-none-eabi-10.3-2021.10/bin/../lib/gcc/arm-none-eabi/10.3.1/../../../../arm-none-eabi/lib/thumb/v7e-m+fp/hard\libg.a(lib_a-vfprintf.o)
 .rodata._dtoa_r.str1.4
                0x0800ff08       0xa2 d:/c/gcc-arm-none-eabi-10.3-2021.10-win32/gcc-arm-none-eabi-10.3-2021.10/bin/../lib/gcc/arm-none-eabi/10.3.1/../../../../arm-none-eabi/lib/thumb/v7e-m+fp/hard\libg.a(lib_a-dtoa.o)
                                 0xa6 (size before relaxing)
 *fill*         0x0800ffaa        0x2 
 .rodata.__multadd.str1.4
                0x0800ffac       0x7f d:/c/gcc-arm-none-eabi-10.3-2021.10-win32/gcc-arm-none-eabi-10.3-2021.10/bin/../lib/gcc/arm-none-eabi/10.3.1/../../../../arm-none-eabi/lib/thumb/v7e-m+fp/hard\libg.a(lib_a-mprec.o)
                                 0x93 (size before relaxing)
 *fill*         0x0801002b        0x5 
 .rodata.__mprec_bigtens
                0x08010030       0x28 d:/c/gcc-arm-none-eabi-10.3-2021.10-win32/gcc-arm-none-eabi-10.3-2021.10/bin/../lib/gcc/arm-none-eabi/10.3.1/../../../../arm-none-eabi/lib/thumb/v7e-m+fp/hard\libg.a(lib_a-mprec.o)
                0x08010030                __mprec_bigtens
 .rodata.__mprec_tens
                0x08010058       0xc8 d:/c/gcc-arm-none-eabi-10.3-2021.10-win32/gcc-arm-none-eabi-10.3-2021.10/bin/../lib/gcc/arm-none-eabi/10.3.1/../../../../arm-none-eabi/lib/thumb/v7e-m+fp/hard\libg.a(lib_a-mprec.o)
                0x08010058                __mprec_tens
 .rodata.p05.0  0x08010120        0xc d:/c/gcc-arm-none-eabi-10.3-2021.10-win32/gcc-arm-none-eabi-10.3-2021.10/bin/../lib/gcc/arm-none-eabi/10.3.1/../../../../arm-none-eabi/lib/thumb/v7e-m+fp/hard\libg.a(lib_a-mprec.o)
 .rodata._vfiprintf_r.str1.4
                0x0801012c       0x2f d:/c/gcc-arm-none-eabi-10.3-2021.10-win32/gcc-arm-none-eabi-10.3-2021.10/bin/../lib/gcc/arm-none-eabi/10.3.1/../../../../arm-none-eabi/lib/thumb/v7e-m+fp/hard\libg.a(lib_a-vfiprintf.o)
 .rodata.blanks.1
                0x0801012c       0x10 d:/c/gcc-arm-none-eabi-10.3-2021.10-win32/gcc-arm-none-eabi-10.3-2021.10/bin/../lib/gcc/arm-none-eabi/10.3.1/../../../../arm-none-eabi/lib/thumb/v7e-m+fp/hard\libg.a(lib_a-vfiprintf.o)
 .rodata.zeroes.0
                0x0801013c       0x10 d:/c/gcc-arm-none-eabi-10.3-2021.10-win32/gcc-arm-none-eabi-10.3-2021.10/bin/../lib/gcc/arm-none-eabi/10.3.1/../../../../arm-none-eabi/lib/thumb/v7e-m+fp/hard\libg.a(lib_a-vfiprintf.o)
 .rodata.__assert_func.str1.4
                0x0801014c       0x3f d:/c/gcc-arm-none-eabi-10.3-2021.10-win32/gcc-arm-none-eabi-10.3-2021.10/bin/../lib/gcc/arm-none-eabi/10.3.1/../../../../arm-none-eabi/lib/thumb/v7e-m+fp/hard\libg.a(lib_a-assert.o)
                                 0x43 (size before relaxing)
 *fill*         0x0801018b        0x1 
 .rodata._setlocale_r.str1.4
                0x0801018c        0xa d:/c/gcc-arm-none-eabi-10.3-2021.10-win32/gcc-arm-none-eabi-10.3-2021.10/bin/../lib/gcc/arm-none-eabi/10.3.1/../../../../arm-none-eabi/lib/thumb/v7e-m+fp/hard\libg.a(lib_a-locale.o)
                                  0xd (size before relaxing)
 *fill*         0x08010196        0x2 
 .rodata.str1.4
                0x08010198        0x2 d:/c/gcc-arm-none-eabi-10.3-2021.10-win32/gcc-arm-none-eabi-10.3-2021.10/bin/../lib/gcc/arm-none-eabi/10.3.1/../../../../arm-none-eabi/lib/thumb/v7e-m+fp/hard\libg.a(lib_a-locale.o)
 *fill*         0x0801019a        0x2 
 .rodata._ctype_
                0x0801019c      0x101 d:/c/gcc-arm-none-eabi-10.3-2021.10-win32/gcc-arm-none-eabi-10.3-2021.10/bin/../lib/gcc/arm-none-eabi/10.3.1/../../../../arm-none-eabi/lib/thumb/v7e-m+fp/hard\libg.a(lib_a-ctype_.o)
                0x0801019c                _ctype_
                0x080102a0                . = ALIGN (0x4)
 *fill*         0x0801029d        0x3 

.ARM.extab
 *(.ARM.extab* .gnu.linkonce.armextab.*)

.ARM            0x080102a0        0x8
                0x080102a0                __exidx_start = .
 *(.ARM.exidx*)
 .ARM.exidx     0x080102a0        0x8 d:/c/gcc-arm-none-eabi-10.3-2021.10-win32/gcc-arm-none-eabi-10.3-2021.10/bin/../lib/gcc/arm-none-eabi/10.3.1/thumb/v7e-m+fp/hard\libgcc.a(_udivmoddi4.o)
                0x080102a8                __exidx_end = .

.rel.dyn        0x080102a8        0x0
 .rel.iplt      0x080102a8        0x0 d:/c/gcc-arm-none-eabi-10.3-2021.10-win32/gcc-arm-none-eabi-10.3-2021.10/bin/../lib/gcc/arm-none-eabi/10.3.1/thumb/v7e-m+fp/hard/crtbegin.o

.preinit_array  0x080102a8        0x0
                0x080102a8                PROVIDE (__preinit_array_start = .)
 *(.preinit_array*)
                0x080102a8                PROVIDE (__preinit_array_end = .)

.init_array     0x080102a8        0x8
                0x080102a8                PROVIDE (__init_array_start = .)
 *(SORT_BY_NAME(.init_array.*))
 .init_array.00000
                0x080102a8        0x4 d:/c/gcc-arm-none-eabi-10.3-2021.10-win32/gcc-arm-none-eabi-10.3-2021.10/bin/../lib/gcc/arm-none-eabi/10.3.1/../../../../arm-none-eabi/lib/thumb/v7e-m+fp/hard\libg.a(lib_a-__call_atexit.o)
 *(.init_array*)
 .init_array    0x080102ac        0x4 d:/c/gcc-arm-none-eabi-10.3-2021.10-win32/gcc-arm-none-eabi-10.3-2021.10/bin/../lib/gcc/arm-none-eabi/10.3.1/thumb/v7e-m+fp/hard/crtbegin.o
                0x080102b0                PROVIDE (__init_array_end = .)

.fini_array     0x080102b0        0x4
                0x080102b0                PROVIDE (__fini_array_start = .)
 *(SORT_BY_NAME(.fini_array.*))
 *(.fini_array*)
 .fini_array    0x080102b0        0x4 d:/c/gcc-arm-none-eabi-10.3-2021.10-win32/gcc-arm-none-eabi-10.3-2021.10/bin/../lib/gcc/arm-none-eabi/10.3.1/thumb/v7e-m+fp/hard/crtbegin.o
                0x080102b4                PROVIDE (__fini_array_end = .)
                0x080102b4                _sidata = LOADADDR (.data)

.data           0x24000000     0x1640 load address 0x080102b4
                0x24000000                . = ALIGN (0x4)
                0x24000000                _sdata = .
 *(.data)
 *(.data*)
 .data.acce_elevator
                0x24000000      0x640 CMakeFiles/h750_blink.elf.dir/Core/Src/step_motor.c.obj
                0x24000000                acce_elevator
 .data.acce_time
                0x24000640      0x640 CMakeFiles/h750_blink.elf.dir/Core/Src/step_motor.c.obj
                0x24000640                acce_time
 .data.accelerate_smoothness
                0x24000c80        0x4 CMakeFiles/h750_blink.elf.dir/Core/Src/step_motor.c.obj
                0x24000c80                accelerate_smoothness
 .data.SystemCoreClock
                0x24000c84        0x4 CMakeFiles/h750_blink.elf.dir/Core/Src/system_stm32h7xx.c.obj
                0x24000c84                SystemCoreClock
 .data.SystemD2Clock
                0x24000c88        0x4 CMakeFiles/h750_blink.elf.dir/Core/Src/system_stm32h7xx.c.obj
                0x24000c88                SystemD2Clock
 .data.uwTickFreq
                0x24000c8c        0x1 CMakeFiles/h750_blink.elf.dir/Drivers/STM32H7xx_HAL_Driver/Src/stm32h7xx_hal.c.obj
                0x24000c8c                uwTickFreq
 *fill*         0x24000c8d        0x3 
 .data.uwTickPrio
                0x24000c90        0x4 CMakeFiles/h750_blink.elf.dir/Drivers/STM32H7xx_HAL_Driver/Src/stm32h7xx_hal.c.obj
                0x24000c90                uwTickPrio
 .data._impure_ptr
                0x24000c94        0x4 d:/c/gcc-arm-none-eabi-10.3-2021.10-win32/gcc-arm-none-eabi-10.3-2021.10/bin/../lib/gcc/arm-none-eabi/10.3.1/../../../../arm-none-eabi/lib/thumb/v7e-m+fp/hard\libg.a(lib_a-impure.o)
                0x24000c94                _impure_ptr
 .data.impure_data
                0x24000c98      0x428 d:/c/gcc-arm-none-eabi-10.3-2021.10-win32/gcc-arm-none-eabi-10.3-2021.10/bin/../lib/gcc/arm-none-eabi/10.3.1/../../../../arm-none-eabi/lib/thumb/v7e-m+fp/hard\libg.a(lib_a-impure.o)
 .data.__atexit_recursive_mutex
                0x240010c0        0x4 d:/c/gcc-arm-none-eabi-10.3-2021.10-win32/gcc-arm-none-eabi-10.3-2021.10/bin/../lib/gcc/arm-none-eabi/10.3.1/../../../../arm-none-eabi/lib/thumb/v7e-m+fp/hard\libg.a(lib_a-__call_atexit.o)
                0x240010c0                __atexit_recursive_mutex
 .data.__malloc_av_
                0x240010c4      0x408 d:/c/gcc-arm-none-eabi-10.3-2021.10-win32/gcc-arm-none-eabi-10.3-2021.10/bin/../lib/gcc/arm-none-eabi/10.3.1/../../../../arm-none-eabi/lib/thumb/v7e-m+fp/hard\libg.a(lib_a-mallocr.o)
                0x240010c4                __malloc_av_
 .data.__malloc_sbrk_base
                0x240014cc        0x4 d:/c/gcc-arm-none-eabi-10.3-2021.10-win32/gcc-arm-none-eabi-10.3-2021.10/bin/../lib/gcc/arm-none-eabi/10.3.1/../../../../arm-none-eabi/lib/thumb/v7e-m+fp/hard\libg.a(lib_a-mallocr.o)
                0x240014cc                __malloc_sbrk_base
 .data.__malloc_trim_threshold
                0x240014d0        0x4 d:/c/gcc-arm-none-eabi-10.3-2021.10-win32/gcc-arm-none-eabi-10.3-2021.10/bin/../lib/gcc/arm-none-eabi/10.3.1/../../../../arm-none-eabi/lib/thumb/v7e-m+fp/hard\libg.a(lib_a-mallocr.o)
                0x240014d0                __malloc_trim_threshold
 .data.__global_locale
                0x240014d4      0x16c d:/c/gcc-arm-none-eabi-10.3-2021.10-win32/gcc-arm-none-eabi-10.3-2021.10/bin/../lib/gcc/arm-none-eabi/10.3.1/../../../../arm-none-eabi/lib/thumb/v7e-m+fp/hard\libg.a(lib_a-locale.o)
                0x240014d4                __global_locale
 *(.RamFunc)
 *(.RamFunc*)
                0x24001640                . = ALIGN (0x4)
                0x24001640                _edata = .

.igot.plt       0x24001640        0x0 load address 0x080118f4
 .igot.plt      0x24001640        0x0 d:/c/gcc-arm-none-eabi-10.3-2021.10-win32/gcc-arm-none-eabi-10.3-2021.10/bin/../lib/gcc/arm-none-eabi/10.3.1/thumb/v7e-m+fp/hard/crtbegin.o
                0x24001640                . = ALIGN (0x4)

.bss            0x24001640      0x4d4 load address 0x080118f4
                0x24001640                _sbss = .
                0x24001640                __bss_start__ = _sbss
 *(.bss)
 .bss           0x24001640       0x1c d:/c/gcc-arm-none-eabi-10.3-2021.10-win32/gcc-arm-none-eabi-10.3-2021.10/bin/../lib/gcc/arm-none-eabi/10.3.1/thumb/v7e-m+fp/hard/crtbegin.o
 *(.bss*)
 .bss.g_fac_us  0x2400165c        0x4 CMakeFiles/h750_blink.elf.dir/Core/Src/delay.c.obj
 .bss.POINT_COLOR
                0x24001660        0x2 CMakeFiles/h750_blink.elf.dir/Core/Src/lcd.c.obj
                0x24001660                POINT_COLOR
 *fill*         0x24001662        0x2 
 .bss.lcddev    0x24001664        0xe CMakeFiles/h750_blink.elf.dir/Core/Src/lcd.c.obj
                0x24001664                lcddev
 *fill*         0x24001672        0x2 
 .bss.DataBuff  0x24001674       0xc8 CMakeFiles/h750_blink.elf.dir/Core/Src/main.c.obj
                0x24001674                DataBuff
 .bss.IMU_RxBuffer
                0x2400173c        0x4 CMakeFiles/h750_blink.elf.dir/Core/Src/main.c.obj
                0x2400173c                IMU_RxBuffer
 .bss.IMU_data  0x24001740        0x4 CMakeFiles/h750_blink.elf.dir/Core/Src/main.c.obj
                0x24001740                IMU_data
 .bss.QRCODE    0x24001744        0x6 CMakeFiles/h750_blink.elf.dir/Core/Src/main.c.obj
                0x24001744                QRCODE
 .bss.RxLine    0x2400174a        0x2 CMakeFiles/h750_blink.elf.dir/Core/Src/main.c.obj
                0x2400174a                RxLine
 .bss.USART1_RXbuff
                0x2400174c       0x14 CMakeFiles/h750_blink.elf.dir/Core/Src/main.c.obj
                0x2400174c                USART1_RXbuff
 .bss.X         0x24001760        0x2 CMakeFiles/h750_blink.elf.dir/Core/Src/main.c.obj
                0x24001760                X
 .bss.X0        0x24001762        0x2 CMakeFiles/h750_blink.elf.dir/Core/Src/main.c.obj
                0x24001762                X0
 .bss.Y         0x24001764        0x2 CMakeFiles/h750_blink.elf.dir/Core/Src/main.c.obj
                0x24001764                Y
 .bss.Y0        0x24001766        0x2 CMakeFiles/h750_blink.elf.dir/Core/Src/main.c.obj
                0x24001766                Y0
 .bss.code      0x24001768        0x3 CMakeFiles/h750_blink.elf.dir/Core/Src/main.c.obj
                0x24001768                code
 .bss.color     0x2400176b        0x1 CMakeFiles/h750_blink.elf.dir/Core/Src/main.c.obj
                0x2400176b                color
 .bss.delta_data
                0x2400176c        0x4 CMakeFiles/h750_blink.elf.dir/Core/Src/main.c.obj
                0x2400176c                delta_data
 .bss.error_data
                0x24001770        0x4 CMakeFiles/h750_blink.elf.dir/Core/Src/main.c.obj
                0x24001770                error_data
 .bss.first_initial_angel
                0x24001774        0x4 CMakeFiles/h750_blink.elf.dir/Core/Src/main.c.obj
                0x24001774                first_initial_angel
 .bss.initial_angel
                0x24001778        0x4 CMakeFiles/h750_blink.elf.dir/Core/Src/main.c.obj
                0x24001778                initial_angel
 .bss.k230_RxBuffer
                0x2400177c        0x1 CMakeFiles/h750_blink.elf.dir/Core/Src/main.c.obj
                0x2400177c                k230_RxBuffer
 *fill*         0x2400177d        0x3 
 .bss.last_data
                0x24001780        0x4 CMakeFiles/h750_blink.elf.dir/Core/Src/main.c.obj
                0x24001780                last_data
 .bss.motionflag
                0x24001784        0x1 CMakeFiles/h750_blink.elf.dir/Core/Src/main.c.obj
                0x24001784                motionflag
 *fill*         0x24001785        0x1 
 .bss.r         0x24001786        0x2 CMakeFiles/h750_blink.elf.dir/Core/Src/main.c.obj
                0x24001786                r
 .bss.r0        0x24001788        0x2 CMakeFiles/h750_blink.elf.dir/Core/Src/main.c.obj
                0x24001788                r0
 *fill*         0x2400178a        0x2 
 .bss.gHuart    0x2400178c        0x4 CMakeFiles/h750_blink.elf.dir/Core/Src/retarget.c.obj
                0x2400178c                gHuart
 .bss.temp1     0x24001790        0x4 CMakeFiles/h750_blink.elf.dir/Core/Src/step_motor.c.obj
                0x24001790                temp1
 .bss.__sbrk_heap_end
                0x24001794        0x4 CMakeFiles/h750_blink.elf.dir/Core/Src/sysmem.c.obj
 .bss.htim2     0x24001798       0x4c CMakeFiles/h750_blink.elf.dir/Core/Src/tim.c.obj
                0x24001798                htim2
 .bss.huart1    0x240017e4       0x94 CMakeFiles/h750_blink.elf.dir/Core/Src/usart.c.obj
                0x240017e4                huart1
 .bss.huart3    0x24001878       0x94 CMakeFiles/h750_blink.elf.dir/Core/Src/usart.c.obj
                0x24001878                huart3
 .bss.huart4    0x2400190c       0x94 CMakeFiles/h750_blink.elf.dir/Core/Src/usart.c.obj
                0x2400190c                huart4
 .bss.huart5    0x240019a0       0x94 CMakeFiles/h750_blink.elf.dir/Core/Src/usart.c.obj
                0x240019a0                huart5
 .bss.huart7    0x24001a34       0x94 CMakeFiles/h750_blink.elf.dir/Core/Src/usart.c.obj
                0x24001a34                huart7
 .bss.uwTick    0x24001ac8        0x4 CMakeFiles/h750_blink.elf.dir/Drivers/STM32H7xx_HAL_Driver/Src/stm32h7xx_hal.c.obj
                0x24001ac8                uwTick
 .bss.__lock___atexit_recursive_mutex
                0x24001acc        0x1 d:/c/gcc-arm-none-eabi-10.3-2021.10-win32/gcc-arm-none-eabi-10.3-2021.10/bin/../lib/gcc/arm-none-eabi/10.3.1/../../../../arm-none-eabi/lib/thumb/v7e-m+fp/hard\libg.a(lib_a-lock.o)
                0x24001acc                __lock___atexit_recursive_mutex
 *fill*         0x24001acd        0x3 
 .bss.__lock___malloc_recursive_mutex
                0x24001ad0        0x1 d:/c/gcc-arm-none-eabi-10.3-2021.10-win32/gcc-arm-none-eabi-10.3-2021.10/bin/../lib/gcc/arm-none-eabi/10.3.1/../../../../arm-none-eabi/lib/thumb/v7e-m+fp/hard\libg.a(lib_a-lock.o)
                0x24001ad0                __lock___malloc_recursive_mutex
 *fill*         0x24001ad1        0x3 
 .bss.__lock___sfp_recursive_mutex
                0x24001ad4        0x1 d:/c/gcc-arm-none-eabi-10.3-2021.10-win32/gcc-arm-none-eabi-10.3-2021.10/bin/../lib/gcc/arm-none-eabi/10.3.1/../../../../arm-none-eabi/lib/thumb/v7e-m+fp/hard\libg.a(lib_a-lock.o)
                0x24001ad4                __lock___sfp_recursive_mutex
 *fill*         0x24001ad5        0x3 
 .bss.__lock___sinit_recursive_mutex
                0x24001ad8        0x1 d:/c/gcc-arm-none-eabi-10.3-2021.10-win32/gcc-arm-none-eabi-10.3-2021.10/bin/../lib/gcc/arm-none-eabi/10.3.1/../../../../arm-none-eabi/lib/thumb/v7e-m+fp/hard\libg.a(lib_a-lock.o)
                0x24001ad8                __lock___sinit_recursive_mutex
 *fill*         0x24001ad9        0x3 
 .bss.__malloc_current_mallinfo
                0x24001adc       0x28 d:/c/gcc-arm-none-eabi-10.3-2021.10-win32/gcc-arm-none-eabi-10.3-2021.10/bin/../lib/gcc/arm-none-eabi/10.3.1/../../../../arm-none-eabi/lib/thumb/v7e-m+fp/hard\libg.a(lib_a-mallocr.o)
                0x24001adc                __malloc_current_mallinfo
 .bss.__malloc_max_sbrked_mem
                0x24001b04        0x4 d:/c/gcc-arm-none-eabi-10.3-2021.10-win32/gcc-arm-none-eabi-10.3-2021.10/bin/../lib/gcc/arm-none-eabi/10.3.1/../../../../arm-none-eabi/lib/thumb/v7e-m+fp/hard\libg.a(lib_a-mallocr.o)
                0x24001b04                __malloc_max_sbrked_mem
 .bss.__malloc_max_total_mem
                0x24001b08        0x4 d:/c/gcc-arm-none-eabi-10.3-2021.10-win32/gcc-arm-none-eabi-10.3-2021.10/bin/../lib/gcc/arm-none-eabi/10.3.1/../../../../arm-none-eabi/lib/thumb/v7e-m+fp/hard\libg.a(lib_a-mallocr.o)
                0x24001b08                __malloc_max_total_mem
 .bss.__malloc_top_pad
                0x24001b0c        0x4 d:/c/gcc-arm-none-eabi-10.3-2021.10-win32/gcc-arm-none-eabi-10.3-2021.10/bin/../lib/gcc/arm-none-eabi/10.3.1/../../../../arm-none-eabi/lib/thumb/v7e-m+fp/hard\libg.a(lib_a-mallocr.o)
                0x24001b0c                __malloc_top_pad
 .bss.errno     0x24001b10        0x4 d:/c/gcc-arm-none-eabi-10.3-2021.10-win32/gcc-arm-none-eabi-10.3-2021.10/bin/../lib/gcc/arm-none-eabi/10.3.1/../../../../arm-none-eabi/lib/thumb/v7e-m+fp/hard\libg.a(lib_a-reent.o)
                0x24001b10                errno
 *(COMMON)
                0x24001b14                . = ALIGN (0x4)
                0x24001b14                _ebss = .
                0x24001b14                __bss_end__ = _ebss

._user_heap_stack
                0x24001b14      0x604 load address 0x080118f4
                0x24001b18                . = ALIGN (0x8)
 *fill*         0x24001b14        0x4 
                [!provide]                PROVIDE (end = .)
                0x24001b18                PROVIDE (_end = .)
                0x24001d18                . = (. + _Min_Heap_Size)
 *fill*         0x24001b18      0x200 
                0x24002118                . = (. + _Min_Stack_Size)
 *fill*         0x24001d18      0x400 
                0x24002118                . = ALIGN (0x8)

/DISCARD/
 libc.a(*)
 libm.a(*)
 libgcc.a(*)

.ARM.attributes
                0x00000000       0x30
 *(.ARM.attributes)
 .ARM.attributes
                0x00000000       0x1e d:/c/gcc-arm-none-eabi-10.3-2021.10-win32/gcc-arm-none-eabi-10.3-2021.10/bin/../lib/gcc/arm-none-eabi/10.3.1/thumb/v7e-m+fp/hard/crti.o
 .ARM.attributes
                0x0000001e       0x34 d:/c/gcc-arm-none-eabi-10.3-2021.10-win32/gcc-arm-none-eabi-10.3-2021.10/bin/../lib/gcc/arm-none-eabi/10.3.1/thumb/v7e-m+fp/hard/crtbegin.o
 .ARM.attributes
                0x00000052       0x34 CMakeFiles/h750_blink.elf.dir/Core/Src/delay.c.obj
 .ARM.attributes
                0x00000086       0x34 CMakeFiles/h750_blink.elf.dir/Core/Src/gpio.c.obj
 .ARM.attributes
                0x000000ba       0x34 CMakeFiles/h750_blink.elf.dir/Core/Src/gui.c.obj
 .ARM.attributes
                0x000000ee       0x34 CMakeFiles/h750_blink.elf.dir/Core/Src/lcd.c.obj
 .ARM.attributes
                0x00000122       0x34 CMakeFiles/h750_blink.elf.dir/Core/Src/main.c.obj
 .ARM.attributes
                0x00000156       0x34 CMakeFiles/h750_blink.elf.dir/Core/Src/retarget.c.obj
 .ARM.attributes
                0x0000018a       0x34 CMakeFiles/h750_blink.elf.dir/Core/Src/ruanjianspi.c.obj
 .ARM.attributes
                0x000001be       0x34 CMakeFiles/h750_blink.elf.dir/Core/Src/sevor.c.obj
 .ARM.attributes
                0x000001f2       0x34 CMakeFiles/h750_blink.elf.dir/Core/Src/step_motor.c.obj
 .ARM.attributes
                0x00000226       0x34 CMakeFiles/h750_blink.elf.dir/Core/Src/stm32h7xx_hal_msp.c.obj
 .ARM.attributes